=== RUN   TestScenario_ConfigResolution_ComplexOverrides
=== PAUSE TestScenario_ConfigResolution_ComplexOverrides
=== RUN   TestScenario_ConfigResolution_NestedOverrides
=== PAUSE TestScenario_ConfigResolution_NestedOverrides
=== RUN   TestScenario_Expression_EnvResolution
=== PAUSE TestScenario_Expression_EnvResolution
=== RUN   TestUnit_Config_SetBaseDir_Exhaustive
=== PAUSE TestUnit_Config_SetBaseDir_Exhaustive
=== RUN   TestUnit_Config_LoadFromPath_Direct
=== PAUSE TestUnit_Config_LoadFromPath_Direct
=== RUN   TestUnit_Config_Expression_Resolve_Exhaustive
=== PAUSE TestUnit_Config_Expression_Resolve_Exhaustive
=== RUN   TestUnit_Config_ConfigLoader_Exhaustive
=== PAUSE TestUnit_Config_ConfigLoader_Exhaustive
=== RUN   TestUnit_Config_MockFS_FileDetails
=== PAUSE TestUnit_Config_MockFS_FileDetails
=== RUN   TestUnit_Config_MockFS_LookupEnv
=== PAUSE TestUnit_Config_MockFS_LookupEnv
=== RUN   TestUnit_Config_Resolver_Exhaustive_Coverage
=== PAUSE TestUnit_Config_Resolver_Exhaustive_Coverage
=== RUN   TestIntegration_Config_PackageLevel_Exhaustive
=== RUN   TestIntegration_Config_PackageLevel_Exhaustive/FindConfigs_package_level
=== RUN   TestIntegration_Config_PackageLevel_Exhaustive/SetRunConfigDirForTest
=== RUN   TestIntegration_Config_PackageLevel_Exhaustive/SetSystemConfigDirForTest
--- PASS: TestIntegration_Config_PackageLevel_Exhaustive (0.00s)
    --- PASS: TestIntegration_Config_PackageLevel_Exhaustive/FindConfigs_package_level (0.00s)
    --- PASS: TestIntegration_Config_PackageLevel_Exhaustive/SetRunConfigDirForTest (0.00s)
    --- PASS: TestIntegration_Config_PackageLevel_Exhaustive/SetSystemConfigDirForTest (0.00s)
=== RUN   TestUnit_Config_Path_Exhaustive_Coverage
=== PAUSE TestUnit_Config_Path_Exhaustive_Coverage
=== RUN   TestIntegration_Config_RealFS_Exhaustive
=== RUN   TestIntegration_Config_RealFS_Exhaustive/LookupEnv
=== RUN   TestIntegration_Config_RealFS_Exhaustive/Other_methods
--- PASS: TestIntegration_Config_RealFS_Exhaustive (0.00s)
    --- PASS: TestIntegration_Config_RealFS_Exhaustive/LookupEnv (0.00s)
    --- PASS: TestIntegration_Config_RealFS_Exhaustive/Other_methods (0.00s)
=== RUN   TestIntegration_Config_PackageLevel_More
--- PASS: TestIntegration_Config_PackageLevel_More (0.00s)
=== RUN   TestUnit_Config_Path_DeepCopy_Exhaustive
=== PAUSE TestUnit_Config_Path_DeepCopy_Exhaustive
=== RUN   TestUnit_Config_Resolver_Env_Deduplication
=== PAUSE TestUnit_Config_Resolver_Env_Deduplication
=== RUN   TestUnit_Config_Resolver_Devices_More
=== PAUSE TestUnit_Config_Resolver_Devices_More
=== RUN   TestUnit_Config_Resolver_Errors_Exhaustive
=== PAUSE TestUnit_Config_Resolver_Errors_Exhaustive
=== RUN   TestUnit_Config_Resolver_More_Coverage
=== PAUSE TestUnit_Config_Resolver_More_Coverage
=== RUN   TestUnit_Config_LoadCDERunConfig_FromPath_Hierarchical
=== RUN   TestUnit_Config_LoadCDERunConfig_FromPath_Hierarchical/successive_merges_of_global_config_layers
--- PASS: TestUnit_Config_LoadCDERunConfig_FromPath_Hierarchical (0.00s)
    --- PASS: TestUnit_Config_LoadCDERunConfig_FromPath_Hierarchical/successive_merges_of_global_config_layers (0.00s)
=== RUN   TestUnit_Config_LoadToolsConfig_FromPath_Merging
=== RUN   TestUnit_Config_LoadToolsConfig_FromPath_Merging/merging_tool_config_layers
--- PASS: TestUnit_Config_LoadToolsConfig_FromPath_Merging (0.00s)
    --- PASS: TestUnit_Config_LoadToolsConfig_FromPath_Merging/merging_tool_config_layers (0.00s)
=== RUN   TestUnit_Config_LoadCDERun
=== RUN   TestUnit_Config_LoadCDERun/ReadFile_error
=== RUN   TestUnit_Config_LoadCDERun/not_found
=== RUN   TestUnit_Config_LoadCDERun/found_in_current_dir
=== RUN   TestUnit_Config_LoadCDERun/found_in_home_dir
=== RUN   TestUnit_Config_LoadCDERun/found_in_run_dir
=== RUN   TestUnit_Config_LoadCDERun/FindConfigs_hierarchical_search
=== RUN   TestUnit_Config_LoadCDERun/FindConfigs_Abs_failure
=== RUN   TestUnit_Config_LoadCDERun/HostContext_is_loaded_and_merged
--- PASS: TestUnit_Config_LoadCDERun (0.00s)
    --- PASS: TestUnit_Config_LoadCDERun/ReadFile_error (0.00s)
    --- PASS: TestUnit_Config_LoadCDERun/not_found (0.00s)
    --- PASS: TestUnit_Config_LoadCDERun/found_in_current_dir (0.00s)
    --- PASS: TestUnit_Config_LoadCDERun/found_in_home_dir (0.00s)
    --- PASS: TestUnit_Config_LoadCDERun/found_in_run_dir (0.00s)
    --- PASS: TestUnit_Config_LoadCDERun/FindConfigs_hierarchical_search (0.00s)
    --- PASS: TestUnit_Config_LoadCDERun/FindConfigs_Abs_failure (0.00s)
    --- PASS: TestUnit_Config_LoadCDERun/HostContext_is_loaded_and_merged (0.00s)
=== RUN   TestUnit_Config_LoadTools
=== RUN   TestUnit_Config_LoadTools/ReadFile_error
=== RUN   TestUnit_Config_LoadTools/found_in_current_dir
--- PASS: TestUnit_Config_LoadTools (0.00s)
    --- PASS: TestUnit_Config_LoadTools/ReadFile_error (0.00s)
    --- PASS: TestUnit_Config_LoadTools/found_in_current_dir (0.00s)
=== RUN   TestUnit_Config_SetDirs
=== RUN   TestUnit_Config_SetDirs/SetRunConfigDirForTest
=== RUN   TestUnit_Config_SetDirs/SetSystemConfigDirForTest
--- PASS: TestUnit_Config_SetDirs (0.00s)
    --- PASS: TestUnit_Config_SetDirs/SetRunConfigDirForTest (0.00s)
    --- PASS: TestUnit_Config_SetDirs/SetSystemConfigDirForTest (0.00s)
=== RUN   TestUnit_Config_LoadPath
=== RUN   TestUnit_Config_LoadPath/LoadCDERunConfigFromPath
=== RUN   TestUnit_Config_LoadPath/LoadCDERunConfigFromPath_-_missing
=== RUN   TestUnit_Config_LoadPath/LoadCDERunConfigFromPath_-_expandHome_failure
=== RUN   TestUnit_Config_LoadPath/LoadCDERunConfigFromPath_-_Abs_failure
=== RUN   TestUnit_Config_LoadPath/LoadCDERunConfigFromPath_-_ReadFile_failure
=== RUN   TestUnit_Config_LoadPath/LoadToolsConfigFromPath
=== RUN   TestUnit_Config_LoadPath/LoadToolsConfigFromPath_-_missing
=== RUN   TestUnit_Config_LoadPath/LoadToolsConfigFromPath_-_expandHome_failure
=== RUN   TestUnit_Config_LoadPath/LoadToolsConfigFromPath_-_Abs_failure
=== RUN   TestUnit_Config_LoadPath/LoadToolsConfigFromPath_-_ReadFile_failure
--- PASS: TestUnit_Config_LoadPath (0.00s)
    --- PASS: TestUnit_Config_LoadPath/LoadCDERunConfigFromPath (0.00s)
    --- PASS: TestUnit_Config_LoadPath/LoadCDERunConfigFromPath_-_missing (0.00s)
    --- PASS: TestUnit_Config_LoadPath/LoadCDERunConfigFromPath_-_expandHome_failure (0.00s)
    --- PASS: TestUnit_Config_LoadPath/LoadCDERunConfigFromPath_-_Abs_failure (0.00s)
    --- PASS: TestUnit_Config_LoadPath/LoadCDERunConfigFromPath_-_ReadFile_failure (0.00s)
    --- PASS: TestUnit_Config_LoadPath/LoadToolsConfigFromPath (0.00s)
    --- PASS: TestUnit_Config_LoadPath/LoadToolsConfigFromPath_-_missing (0.00s)
    --- PASS: TestUnit_Config_LoadPath/LoadToolsConfigFromPath_-_expandHome_failure (0.00s)
    --- PASS: TestUnit_Config_LoadPath/LoadToolsConfigFromPath_-_Abs_failure (0.00s)
    --- PASS: TestUnit_Config_LoadPath/LoadToolsConfigFromPath_-_ReadFile_failure (0.00s)
=== RUN   TestUnit_Config_LoadCDERunErrors
=== RUN   TestUnit_Config_LoadCDERunErrors/LoadCDERunConfig_-_malformed_YAML
=== RUN   TestUnit_Config_LoadCDERunErrors/LoadCDERunConfig_-_unknown_field
--- PASS: TestUnit_Config_LoadCDERunErrors (0.00s)
    --- PASS: TestUnit_Config_LoadCDERunErrors/LoadCDERunConfig_-_malformed_YAML (0.00s)
    --- PASS: TestUnit_Config_LoadCDERunErrors/LoadCDERunConfig_-_unknown_field (0.00s)
=== RUN   TestUnit_Config_SetBaseDir
=== RUN   TestUnit_Config_SetBaseDir/CDERunConfig
=== RUN   TestUnit_Config_SetBaseDir/ToolConfig
=== RUN   TestUnit_Config_SetBaseDir/CDERunConfig_SetBaseDir_HostContext_resolution
--- PASS: TestUnit_Config_SetBaseDir (0.00s)
    --- PASS: TestUnit_Config_SetBaseDir/CDERunConfig (0.00s)
    --- PASS: TestUnit_Config_SetBaseDir/ToolConfig (0.00s)
    --- PASS: TestUnit_Config_SetBaseDir/CDERunConfig_SetBaseDir_HostContext_resolution (0.00s)
=== RUN   TestUnit_Config_Helpers
=== RUN   TestUnit_Config_Helpers/copyFloat64Ptr_non-nil
=== RUN   TestUnit_Config_Helpers/copyFloat64Ptr_nil
=== RUN   TestUnit_Config_Helpers/copyIntPtr_nil
=== RUN   TestUnit_Config_Helpers/copyIntPtr_non-nil
--- PASS: TestUnit_Config_Helpers (0.00s)
    --- PASS: TestUnit_Config_Helpers/copyFloat64Ptr_non-nil (0.00s)
    --- PASS: TestUnit_Config_Helpers/copyFloat64Ptr_nil (0.00s)
    --- PASS: TestUnit_Config_Helpers/copyIntPtr_nil (0.00s)
    --- PASS: TestUnit_Config_Helpers/copyIntPtr_non-nil (0.00s)
=== RUN   TestUnit_Config_DeepCopy
=== RUN   TestUnit_Config_DeepCopy/CDERunConfig_DeepCopy
=== RUN   TestUnit_Config_DeepCopy/ToolsConfig_DeepCopy
=== RUN   TestUnit_Config_DeepCopy/ToolsConfig_DeepCopy_nil
=== RUN   TestUnit_Config_DeepCopy/DeepCopy_all_fields
=== RUN   TestUnit_Config_DeepCopy/ToolConfig_DeepCopy_all_fields
--- PASS: TestUnit_Config_DeepCopy (0.00s)
    --- PASS: TestUnit_Config_DeepCopy/CDERunConfig_DeepCopy (0.00s)
    --- PASS: TestUnit_Config_DeepCopy/ToolsConfig_DeepCopy (0.00s)
    --- PASS: TestUnit_Config_DeepCopy/ToolsConfig_DeepCopy_nil (0.00s)
    --- PASS: TestUnit_Config_DeepCopy/DeepCopy_all_fields (0.00s)
    --- PASS: TestUnit_Config_DeepCopy/ToolConfig_DeepCopy_all_fields (0.00s)
=== RUN   TestUnit_Config_FindConfigs_Cache
--- PASS: TestUnit_Config_FindConfigs_Cache (0.00s)
=== RUN   TestUnit_Config_CachedStat_DoubleCheck
--- PASS: TestUnit_Config_CachedStat_DoubleCheck (0.00s)
=== RUN   TestUnit_Coverage_PascalCase_Exhaustive
--- PASS: TestUnit_Coverage_PascalCase_Exhaustive (0.00s)
=== RUN   TestUnit_Coverage_Option_ParsingErrors
--- PASS: TestUnit_Coverage_Option_ParsingErrors (0.00s)
=== RUN   TestUnit_Coverage_Config_FindConfigs_AbsError
--- PASS: TestUnit_Coverage_Config_FindConfigs_AbsError (0.00s)
=== RUN   TestUnit_Coverage_Config_FindConfigs_Errors
--- PASS: TestUnit_Coverage_Config_FindConfigs_Errors (0.00s)
=== RUN   TestUnit_Coverage_Config_LoadFromPath_Errors
--- PASS: TestUnit_Coverage_Config_LoadFromPath_Errors (0.00s)
=== RUN   TestUnit_Coverage_Resolver_ResolveWithFS_RegistryMismatch
--- PASS: TestUnit_Coverage_Resolver_ResolveWithFS_RegistryMismatch (0.00s)
=== RUN   TestUnit_Coverage_Resolver_Errors_DurationMemory
--- PASS: TestUnit_Coverage_Resolver_Errors_DurationMemory (0.00s)
=== RUN   TestUnit_Coverage_Resolver_ResolveWithFS_ExpressionError
--- PASS: TestUnit_Coverage_Resolver_ResolveWithFS_ExpressionError (0.00s)
=== RUN   TestUnit_Coverage_Resolver_ResolveEnv_Error
--- PASS: TestUnit_Coverage_Resolver_ResolveEnv_Error (0.00s)
=== RUN   TestUnit_Coverage_Resolver_ResolveMounts_Error
--- PASS: TestUnit_Coverage_Resolver_ResolveMounts_Error (0.00s)
=== RUN   TestUnit_Coverage_Resolver_ResolveDevices_Error
--- PASS: TestUnit_Coverage_Resolver_ResolveDevices_Error (0.00s)
=== RUN   TestUnit_Coverage_Resolver_ResolveConfigPath_Error
--- PASS: TestUnit_Coverage_Resolver_ResolveConfigPath_Error (0.00s)
=== RUN   TestUnit_Coverage_Resolver_ResolveConfigPath_ExpressionError
--- PASS: TestUnit_Coverage_Resolver_ResolveConfigPath_ExpressionError (0.00s)
=== RUN   TestUnit_Coverage_Resolver_ResolveConfigPath_Hierarchy
--- PASS: TestUnit_Coverage_Resolver_ResolveConfigPath_Hierarchy (0.00s)
=== RUN   TestUnit_Coverage_Resolver_ResolveDevices_Env
--- PASS: TestUnit_Coverage_Resolver_ResolveDevices_Env (0.00s)
=== RUN   TestUnit_Coverage_Resolver_ResolveEnv_Strict
--- PASS: TestUnit_Coverage_Resolver_ResolveEnv_Strict (0.00s)
=== RUN   TestUnit_Coverage_Resolver_ResolveMounts_Optional_Exists
--- PASS: TestUnit_Coverage_Resolver_ResolveMounts_Optional_Exists (0.00s)
=== RUN   TestUnit_Coverage_Resolver_ResolveEnv_NonStrict_Found
--- PASS: TestUnit_Coverage_Resolver_ResolveEnv_NonStrict_Found (0.00s)
=== RUN   TestUnit_Coverage_Path_ResolvePath_WithResolver
--- PASS: TestUnit_Coverage_Path_ResolvePath_WithResolver (0.00s)
=== RUN   TestUnit_Coverage_Path_UnmarshalYAML_Malformed
--- PASS: TestUnit_Coverage_Path_UnmarshalYAML_Malformed (0.00s)
=== RUN   TestUnit_Coverage_Path_ParseDeviceConfig_Invalid
--- PASS: TestUnit_Coverage_Path_ParseDeviceConfig_Invalid (0.00s)
=== RUN   TestUnit_Coverage_Path_ParseMountFlag_Errors
--- PASS: TestUnit_Coverage_Path_ParseMountFlag_Errors (0.00s)
=== RUN   TestUnit_Coverage_Path_ResolvePath_Nested
--- PASS: TestUnit_Coverage_Path_ResolvePath_Nested (0.00s)
=== RUN   TestUnit_Coverage_Expression_ResolveString_Errors
--- PASS: TestUnit_Coverage_Expression_ResolveString_Errors (0.00s)
=== RUN   TestUnit_Coverage_Expression_Resolve_Complex
--- PASS: TestUnit_Coverage_Expression_Resolve_Complex (0.00s)
=== RUN   TestUnit_Coverage_Config_CachedStat_CacheHit
--- PASS: TestUnit_Coverage_Config_CachedStat_CacheHit (0.00s)
=== RUN   TestUnit_Coverage_MockFS_WriteFile_Error
--- PASS: TestUnit_Coverage_MockFS_WriteFile_Error (0.00s)
=== RUN   TestUnit_Coverage_MockFS_RemoveAll_Error
--- PASS: TestUnit_Coverage_MockFS_RemoveAll_Error (0.00s)
=== RUN   TestUnit_Coverage_Config_Load_Errors
--- PASS: TestUnit_Coverage_Config_Load_Errors (0.00s)
=== RUN   TestUnit_Coverage_Config_DeepCopy_Exhaustive
--- PASS: TestUnit_Coverage_Config_DeepCopy_Exhaustive (0.00s)
=== RUN   TestUnit_Coverage_Option_StringSlice_Priority
--- PASS: TestUnit_Coverage_Option_StringSlice_Priority (0.00s)
=== RUN   TestUnit_Coverage_Resolver_ResolveEnv_EmptyParts
--- PASS: TestUnit_Coverage_Resolver_ResolveEnv_EmptyParts (0.00s)
=== RUN   TestUnit_Coverage_Resolver_ResolveMounts_EmptyParts
--- PASS: TestUnit_Coverage_Resolver_ResolveMounts_EmptyParts (0.00s)
=== RUN   TestUnit_Coverage_Option_IntOpt_Fallback
--- PASS: TestUnit_Coverage_Option_IntOpt_Fallback (0.00s)
=== RUN   TestUnit_Coverage_Option_Float64Opt_Fallback
--- PASS: TestUnit_Coverage_Option_Float64Opt_Fallback (0.00s)
=== RUN   TestUnit_Coverage_Option_BoolOpt_EnvKeyEmpty
--- PASS: TestUnit_Coverage_Option_BoolOpt_EnvKeyEmpty (0.00s)
=== RUN   TestUnit_Coverage_Option_StringSlice_EmptyEnv
--- PASS: TestUnit_Coverage_Option_StringSlice_EmptyEnv (0.00s)
=== RUN   TestUnit_Coverage_Option_StringSliceComma_P1P2
--- PASS: TestUnit_Coverage_Option_StringSliceComma_P1P2 (0.00s)
=== RUN   TestUnit_Coverage_Resolver_InitFieldInfo_Coverage
--- PASS: TestUnit_Coverage_Resolver_InitFieldInfo_Coverage (0.00s)
=== RUN   TestUnit_Coverage_Config_Hierarchical_Load_NoConfigs
--- PASS: TestUnit_Coverage_Config_Hierarchical_Load_NoConfigs (0.00s)
=== RUN   TestUnit_Coverage_Config_NewConfigLoader
--- PASS: TestUnit_Coverage_Config_NewConfigLoader (0.00s)
=== RUN   TestUnit_Coverage_Expression_MagicWords_NoHostCtx
--- PASS: TestUnit_Coverage_Expression_MagicWords_NoHostCtx (0.00s)
=== RUN   TestUnit_Coverage_Expression_Resolve_MapSlice
--- PASS: TestUnit_Coverage_Expression_Resolve_MapSlice (0.00s)
=== RUN   TestUnit_Coverage_Config_SetDirs_Reset
--- PASS: TestUnit_Coverage_Config_SetDirs_Reset (0.00s)
=== RUN   TestUnit_Coverage_Resolver_ResolveWithFS_ValidationExhaustive
--- PASS: TestUnit_Coverage_Resolver_ResolveWithFS_ValidationExhaustive (0.00s)
=== RUN   TestUnit_Coverage_Resolver_ResolveWithFS_TransitiveLogic
--- PASS: TestUnit_Coverage_Resolver_ResolveWithFS_TransitiveLogic (0.00s)
=== RUN   TestUnit_Coverage_Resolver_ResolveWithFS_SocketAutoDetection
--- PASS: TestUnit_Coverage_Resolver_ResolveWithFS_SocketAutoDetection (0.00s)
=== RUN   TestUnit_Coverage_Resolver_ResolveWithFS_RegistryMismatchErrors
--- PASS: TestUnit_Coverage_Resolver_ResolveWithFS_RegistryMismatchErrors (0.00s)
=== RUN   TestUnit_Coverage_Resolver_resolveConfigPath_Modes
--- PASS: TestUnit_Coverage_Resolver_resolveConfigPath_Modes (0.00s)
=== RUN   TestUnit_Coverage_Resolver_resolveDevices_Errors
--- PASS: TestUnit_Coverage_Resolver_resolveDevices_Errors (0.00s)
=== RUN   TestUnit_Coverage_Resolver_resolveMounts_Errors
--- PASS: TestUnit_Coverage_Resolver_resolveMounts_Errors (0.00s)
=== RUN   TestUnit_Coverage_Resolver_resolveEnv_Strict
--- PASS: TestUnit_Coverage_Resolver_resolveEnv_Strict (0.00s)
=== RUN   TestUnit_Coverage_Resolver_NumericTypeMismatch
=== RUN   TestUnit_Coverage_Resolver_NumericTypeMismatch/Int_mismatch
=== RUN   TestUnit_Coverage_Resolver_NumericTypeMismatch/Float64_mismatch
--- PASS: TestUnit_Coverage_Resolver_NumericTypeMismatch (0.00s)
    --- PASS: TestUnit_Coverage_Resolver_NumericTypeMismatch/Int_mismatch (0.00s)
    --- PASS: TestUnit_Coverage_Resolver_NumericTypeMismatch/Float64_mismatch (0.00s)
=== RUN   TestUnit_Coverage_Resolver_ResolveWithFS_NilCLI
--- PASS: TestUnit_Coverage_Resolver_ResolveWithFS_NilCLI (0.00s)
=== RUN   TestUnit_Config_ValidatePort_Malformed
=== RUN   TestUnit_Config_ValidatePort_Malformed/Too_many_segments
=== RUN   TestUnit_Config_ValidatePort_Malformed/Empty_segments_(3rd)
=== RUN   TestUnit_Config_ValidatePort_Malformed/Empty_segments_(2nd)
=== RUN   TestUnit_Config_ValidatePort_Malformed/Empty_IP_in_3-segment
=== RUN   TestUnit_Config_ValidatePort_Malformed/Invalid_IP_in_3-segment
=== RUN   TestUnit_Config_ValidatePort_Malformed/Non-numeric_container_port_(3-segment)
=== RUN   TestUnit_Config_ValidatePort_Malformed/Non-numeric_host_port_(3-segment)
=== RUN   TestUnit_Config_ValidatePort_Malformed/Non-numeric_container_port_(2-segment)
=== RUN   TestUnit_Config_ValidatePort_Malformed/Non-numeric_host_port_(2-segment)
=== RUN   TestUnit_Config_ValidatePort_Malformed/Non-numeric_container_port_(1-segment)
=== RUN   TestUnit_Config_ValidatePort_Malformed/Both_segments_empty
--- PASS: TestUnit_Config_ValidatePort_Malformed (0.00s)
    --- PASS: TestUnit_Config_ValidatePort_Malformed/Too_many_segments (0.00s)
    --- PASS: TestUnit_Config_ValidatePort_Malformed/Empty_segments_(3rd) (0.00s)
    --- PASS: TestUnit_Config_ValidatePort_Malformed/Empty_segments_(2nd) (0.00s)
    --- PASS: TestUnit_Config_ValidatePort_Malformed/Empty_IP_in_3-segment (0.00s)
    --- PASS: TestUnit_Config_ValidatePort_Malformed/Invalid_IP_in_3-segment (0.00s)
    --- PASS: TestUnit_Config_ValidatePort_Malformed/Non-numeric_container_port_(3-segment) (0.00s)
    --- PASS: TestUnit_Config_ValidatePort_Malformed/Non-numeric_host_port_(3-segment) (0.00s)
    --- PASS: TestUnit_Config_ValidatePort_Malformed/Non-numeric_container_port_(2-segment) (0.00s)
    --- PASS: TestUnit_Config_ValidatePort_Malformed/Non-numeric_host_port_(2-segment) (0.00s)
    --- PASS: TestUnit_Config_ValidatePort_Malformed/Non-numeric_container_port_(1-segment) (0.00s)
    --- PASS: TestUnit_Config_ValidatePort_Malformed/Both_segments_empty (0.00s)
=== RUN   TestUnit_Config_ValidateExposePort_Malformed
=== RUN   TestUnit_Config_ValidateExposePort_Malformed/Multi-dash_range
=== RUN   TestUnit_Config_ValidateExposePort_Malformed/Empty_start_range
=== RUN   TestUnit_Config_ValidateExposePort_Malformed/Empty_end_range
=== RUN   TestUnit_Config_ValidateExposePort_Malformed/Non-numeric_start_range
=== RUN   TestUnit_Config_ValidateExposePort_Malformed/Non-numeric_end_range
=== RUN   TestUnit_Config_ValidateExposePort_Malformed/Invalid_protocol
=== RUN   TestUnit_Config_ValidateExposePort_Malformed/Malformed_protocol_part
--- PASS: TestUnit_Config_ValidateExposePort_Malformed (0.00s)
    --- PASS: TestUnit_Config_ValidateExposePort_Malformed/Multi-dash_range (0.00s)
    --- PASS: TestUnit_Config_ValidateExposePort_Malformed/Empty_start_range (0.00s)
    --- PASS: TestUnit_Config_ValidateExposePort_Malformed/Empty_end_range (0.00s)
    --- PASS: TestUnit_Config_ValidateExposePort_Malformed/Non-numeric_start_range (0.00s)
    --- PASS: TestUnit_Config_ValidateExposePort_Malformed/Non-numeric_end_range (0.00s)
    --- PASS: TestUnit_Config_ValidateExposePort_Malformed/Invalid_protocol (0.00s)
    --- PASS: TestUnit_Config_ValidateExposePort_Malformed/Malformed_protocol_part (0.00s)
=== RUN   TestUnit_Config_Masking_Advanced
=== RUN   TestUnit_Config_Masking_Advanced/Acronym_JSONToken
=== RUN   TestUnit_Config_Masking_Advanced/Acronym_APIKey
=== RUN   TestUnit_Config_Masking_Advanced/camelCase_with_digits_db1Password
=== RUN   TestUnit_Config_Masking_Advanced/Snake_case_with_Unicode_ユーザー_TOKEN
=== RUN   TestUnit_Config_Masking_Advanced/Boundary_split_acronym_transition_APIKeyExample
--- PASS: TestUnit_Config_Masking_Advanced (0.00s)
    --- PASS: TestUnit_Config_Masking_Advanced/Acronym_JSONToken (0.00s)
    --- PASS: TestUnit_Config_Masking_Advanced/Acronym_APIKey (0.00s)
    --- PASS: TestUnit_Config_Masking_Advanced/camelCase_with_digits_db1Password (0.00s)
    --- PASS: TestUnit_Config_Masking_Advanced/Snake_case_with_Unicode_ユーザー_TOKEN (0.00s)
    --- PASS: TestUnit_Config_Masking_Advanced/Boundary_split_acronym_transition_APIKeyExample (0.00s)
=== RUN   TestUnit_Config_Option_Manual_Type_Mismatch
=== RUN   TestUnit_Config_Option_Manual_Type_Mismatch/resolveIntOpt_with_invalid_env
=== RUN   TestUnit_Config_Option_Manual_Type_Mismatch/resolveFloat64Opt_with_invalid_env
=== RUN   TestUnit_Config_Option_Manual_Type_Mismatch/resolveIntOpt_with_invalid_env_but_valid_ToolGetter
=== RUN   TestUnit_Config_Option_Manual_Type_Mismatch/resolveFloat64Opt_with_invalid_env_but_valid_GlobalGetter
--- PASS: TestUnit_Config_Option_Manual_Type_Mismatch (0.00s)
    --- PASS: TestUnit_Config_Option_Manual_Type_Mismatch/resolveIntOpt_with_invalid_env (0.00s)
    --- PASS: TestUnit_Config_Option_Manual_Type_Mismatch/resolveFloat64Opt_with_invalid_env (0.00s)
    --- PASS: TestUnit_Config_Option_Manual_Type_Mismatch/resolveIntOpt_with_invalid_env_but_valid_ToolGetter (0.00s)
    --- PASS: TestUnit_Config_Option_Manual_Type_Mismatch/resolveFloat64Opt_with_invalid_env_but_valid_GlobalGetter (0.00s)
=== RUN   TestUnit_Config_Errors_Coverage
=== PAUSE TestUnit_Config_Errors_Coverage
=== RUN   TestUnit_ExpressionResolver_ResolveFile_LargeFile
--- PASS: TestUnit_ExpressionResolver_ResolveFile_LargeFile (0.00s)
=== RUN   TestUnit_ExpressionResolver_ResolveFile_LargeData
--- PASS: TestUnit_ExpressionResolver_ResolveFile_LargeData (0.00s)
=== RUN   TestUnit_ExpressionResolver_ResolveFile_StatError
--- PASS: TestUnit_ExpressionResolver_ResolveFile_StatError (0.00s)
=== RUN   TestUnit_ExpressionResolver_ResolveString_Coverage
=== RUN   TestUnit_ExpressionResolver_ResolveString_Coverage/sticky_error
=== RUN   TestUnit_ExpressionResolver_ResolveString_Coverage/expandHome_error
=== RUN   TestUnit_ExpressionResolver_ResolveString_Coverage/magic_words_exhaustive
=== RUN   TestUnit_ExpressionResolver_ResolveString_Coverage/magic_words_fallback_exhaustive
=== RUN   TestUnit_ExpressionResolver_ResolveString_Coverage/env_with_default
--- PASS: TestUnit_ExpressionResolver_ResolveString_Coverage (0.00s)
    --- PASS: TestUnit_ExpressionResolver_ResolveString_Coverage/sticky_error (0.00s)
    --- PASS: TestUnit_ExpressionResolver_ResolveString_Coverage/expandHome_error (0.00s)
    --- PASS: TestUnit_ExpressionResolver_ResolveString_Coverage/magic_words_exhaustive (0.00s)
    --- PASS: TestUnit_ExpressionResolver_ResolveString_Coverage/magic_words_fallback_exhaustive (0.00s)
    --- PASS: TestUnit_ExpressionResolver_ResolveString_Coverage/env_with_default (0.00s)
=== RUN   TestUnit_Expression_BaseHomeAndBasePwd
=== RUN   TestUnit_Expression_BaseHomeAndBasePwd/BASE_HOME_and_BASE_PWD_fall_back_to_HOME/PWD_at_level_0
=== RUN   TestUnit_Expression_BaseHomeAndBasePwd/BASE_HOME_and_BASE_PWD_return_host_values_in_nested_execution
=== RUN   TestUnit_Expression_BaseHomeAndBasePwd/NewExpressionResolverWithFS_-_UserHomeDir_failure
=== RUN   TestUnit_Expression_BaseHomeAndBasePwd/NewExpressionResolverWithFS_-_Getwd_failure
--- PASS: TestUnit_Expression_BaseHomeAndBasePwd (0.00s)
    --- PASS: TestUnit_Expression_BaseHomeAndBasePwd/BASE_HOME_and_BASE_PWD_fall_back_to_HOME/PWD_at_level_0 (0.00s)
    --- PASS: TestUnit_Expression_BaseHomeAndBasePwd/BASE_HOME_and_BASE_PWD_return_host_values_in_nested_execution (0.00s)
    --- PASS: TestUnit_Expression_BaseHomeAndBasePwd/NewExpressionResolverWithFS_-_UserHomeDir_failure (0.00s)
    --- PASS: TestUnit_Expression_BaseHomeAndBasePwd/NewExpressionResolverWithFS_-_Getwd_failure (0.00s)
=== RUN   TestUnit_Expression_FindDir
=== RUN   TestUnit_Expression_FindDir/find_dir_existing_directory
=== RUN   TestUnit_Expression_FindDir/find_dir_existing_file
=== RUN   TestUnit_Expression_FindDir/find_dir_not_found
--- PASS: TestUnit_Expression_FindDir (0.00s)
    --- PASS: TestUnit_Expression_FindDir/find_dir_existing_directory (0.00s)
    --- PASS: TestUnit_Expression_FindDir/find_dir_existing_file (0.00s)
    --- PASS: TestUnit_Expression_FindDir/find_dir_not_found (0.00s)
=== RUN   TestUnit_Expression_FileError
=== RUN   TestUnit_Expression_FileError/file_found
=== RUN   TestUnit_Expression_FileError/file_not_found
=== RUN   TestUnit_Expression_FileError/ReadFile_failure_in_resolveFile
--- PASS: TestUnit_Expression_FileError (0.00s)
    --- PASS: TestUnit_Expression_FileError/file_found (0.00s)
    --- PASS: TestUnit_Expression_FileError/file_not_found (0.00s)
    --- PASS: TestUnit_Expression_FileError/ReadFile_failure_in_resolveFile (0.00s)
=== RUN   TestUnit_Expression_FileEmpty
=== RUN   TestUnit_Expression_FileEmpty/empty_file_resolves_to_empty_string
=== RUN   TestUnit_Expression_FileEmpty/normal_file_still_works
=== RUN   TestUnit_Expression_FileEmpty/unmatched_braces_(literal_treatment)
=== RUN   TestUnit_Expression_FileEmpty/complex_unmatched_and_nested
=== RUN   TestUnit_Expression_FileEmpty/cached_empty_file_still_works
--- PASS: TestUnit_Expression_FileEmpty (0.00s)
    --- PASS: TestUnit_Expression_FileEmpty/empty_file_resolves_to_empty_string (0.00s)
    --- PASS: TestUnit_Expression_FileEmpty/normal_file_still_works (0.00s)
    --- PASS: TestUnit_Expression_FileEmpty/unmatched_braces_(literal_treatment) (0.00s)
    --- PASS: TestUnit_Expression_FileEmpty/complex_unmatched_and_nested (0.00s)
    --- PASS: TestUnit_Expression_FileEmpty/cached_empty_file_still_works (0.00s)
=== RUN   TestUnit_Expression_SecurityAndEdgeCases
=== RUN   TestUnit_Expression_SecurityAndEdgeCases/nested_expressions_(recursive_resolution)
=== RUN   TestUnit_Expression_SecurityAndEdgeCases/multiple_expressions
=== RUN   TestUnit_Expression_SecurityAndEdgeCases/path_traversal_attempt_in_file
=== RUN   TestUnit_Expression_SecurityAndEdgeCases/absolute_path_attempt_in_file
=== RUN   TestUnit_Expression_SecurityAndEdgeCases/invalid_directive
=== RUN   TestUnit_Expression_SecurityAndEdgeCases/unclosed_expression
=== RUN   TestUnit_Expression_SecurityAndEdgeCases/empty_expression
=== RUN   TestUnit_Expression_SecurityAndEdgeCases/expression_with_whitespace_only
=== RUN   TestUnit_Expression_SecurityAndEdgeCases/complex_mixed_resolution
=== RUN   TestUnit_Expression_SecurityAndEdgeCases/sticky_error_state
--- PASS: TestUnit_Expression_SecurityAndEdgeCases (0.00s)
    --- PASS: TestUnit_Expression_SecurityAndEdgeCases/nested_expressions_(recursive_resolution) (0.00s)
    --- PASS: TestUnit_Expression_SecurityAndEdgeCases/multiple_expressions (0.00s)
    --- PASS: TestUnit_Expression_SecurityAndEdgeCases/path_traversal_attempt_in_file (0.00s)
    --- PASS: TestUnit_Expression_SecurityAndEdgeCases/absolute_path_attempt_in_file (0.00s)
    --- PASS: TestUnit_Expression_SecurityAndEdgeCases/invalid_directive (0.00s)
    --- PASS: TestUnit_Expression_SecurityAndEdgeCases/unclosed_expression (0.00s)
    --- PASS: TestUnit_Expression_SecurityAndEdgeCases/empty_expression (0.00s)
    --- PASS: TestUnit_Expression_SecurityAndEdgeCases/expression_with_whitespace_only (0.00s)
    --- PASS: TestUnit_Expression_SecurityAndEdgeCases/complex_mixed_resolution (0.00s)
    --- PASS: TestUnit_Expression_SecurityAndEdgeCases/sticky_error_state (0.00s)
=== RUN   TestUnit_Expression_Resolve_Complex
=== RUN   TestUnit_Expression_Resolve_Complex/Resolve_[]any
=== RUN   TestUnit_Expression_Resolve_Complex/Resolve_map[string]any
=== RUN   TestUnit_Expression_Resolve_Complex/Resolve_other_types
--- PASS: TestUnit_Expression_Resolve_Complex (0.00s)
    --- PASS: TestUnit_Expression_Resolve_Complex/Resolve_[]any (0.00s)
    --- PASS: TestUnit_Expression_Resolve_Complex/Resolve_map[string]any (0.00s)
    --- PASS: TestUnit_Expression_Resolve_Complex/Resolve_other_types (0.00s)
=== RUN   TestUnit_Expression_Security_Advanced
=== RUN   TestUnit_Expression_Security_Advanced/resolveFindDir_absolute_path
=== RUN   TestUnit_Expression_Security_Advanced/resolveFindDir_parent_directory
--- PASS: TestUnit_Expression_Security_Advanced (0.00s)
    --- PASS: TestUnit_Expression_Security_Advanced/resolveFindDir_absolute_path (0.00s)
    --- PASS: TestUnit_Expression_Security_Advanced/resolveFindDir_parent_directory (0.00s)
=== RUN   TestUnit_Expression_EnvWithDefault
=== RUN   TestUnit_Expression_EnvWithDefault/env_set
=== RUN   TestUnit_Expression_EnvWithDefault/env_unset
=== RUN   TestUnit_Expression_EnvWithDefault/env_set_with_default
=== RUN   TestUnit_Expression_EnvWithDefault/env_empty_with_default
=== RUN   TestUnit_Expression_EnvWithDefault/env_unset_with_default
=== RUN   TestUnit_Expression_EnvWithDefault/env_with_complex_default
--- PASS: TestUnit_Expression_EnvWithDefault (0.00s)
    --- PASS: TestUnit_Expression_EnvWithDefault/env_set (0.00s)
    --- PASS: TestUnit_Expression_EnvWithDefault/env_unset (0.00s)
    --- PASS: TestUnit_Expression_EnvWithDefault/env_set_with_default (0.00s)
    --- PASS: TestUnit_Expression_EnvWithDefault/env_empty_with_default (0.00s)
    --- PASS: TestUnit_Expression_EnvWithDefault/env_unset_with_default (0.00s)
    --- PASS: TestUnit_Expression_EnvWithDefault/env_with_complex_default (0.00s)
=== RUN   TestUnit_Expression_FindDir_Nested
=== RUN   TestUnit_Expression_FindDir_Nested/find_dir_in_nested_environment_-_mapped
=== RUN   TestUnit_Expression_FindDir_Nested/find_dir_in_nested_environment_-_not_mapped
--- PASS: TestUnit_Expression_FindDir_Nested (0.00s)
    --- PASS: TestUnit_Expression_FindDir_Nested/find_dir_in_nested_environment_-_mapped (0.00s)
    --- PASS: TestUnit_Expression_FindDir_Nested/find_dir_in_nested_environment_-_not_mapped (0.00s)
=== RUN   TestUnit_Config_ValidateSecurity_EdgeCases
=== PAUSE TestUnit_Config_ValidateSecurity_EdgeCases
=== RUN   TestUnit_Config_FS_RealFileSystem
=== RUN   TestUnit_Config_FS_RealFileSystem/Executable
=== RUN   TestUnit_Config_FS_RealFileSystem/Getenv
=== RUN   TestUnit_Config_FS_RealFileSystem/TempDir
=== RUN   TestUnit_Config_FS_RealFileSystem/File_operations
--- PASS: TestUnit_Config_FS_RealFileSystem (0.00s)
    --- PASS: TestUnit_Config_FS_RealFileSystem/Executable (0.00s)
    --- PASS: TestUnit_Config_FS_RealFileSystem/Getenv (0.00s)
    --- PASS: TestUnit_Config_FS_RealFileSystem/TempDir (0.00s)
    --- PASS: TestUnit_Config_FS_RealFileSystem/File_operations (0.00s)
=== RUN   TestUnit_Config_FS_MockFileSystem
=== RUN   TestUnit_Config_FS_MockFileSystem/Executable
=== RUN   TestUnit_Config_FS_MockFileSystem/Getenv
=== RUN   TestUnit_Config_FS_MockFileSystem/TempDir
=== RUN   TestUnit_Config_FS_MockFileSystem/MkdirAll_and_Stat
=== RUN   TestUnit_Config_FS_MockFileSystem/WriteFile_and_ReadFile
=== RUN   TestUnit_Config_FS_MockFileSystem/RemoveAll
--- PASS: TestUnit_Config_FS_MockFileSystem (0.00s)
    --- PASS: TestUnit_Config_FS_MockFileSystem/Executable (0.00s)
    --- PASS: TestUnit_Config_FS_MockFileSystem/Getenv (0.00s)
    --- PASS: TestUnit_Config_FS_MockFileSystem/TempDir (0.00s)
    --- PASS: TestUnit_Config_FS_MockFileSystem/MkdirAll_and_Stat (0.00s)
    --- PASS: TestUnit_Config_FS_MockFileSystem/WriteFile_and_ReadFile (0.00s)
    --- PASS: TestUnit_Config_FS_MockFileSystem/RemoveAll (0.00s)
=== RUN   TestUnit_Config_Loader_Initialization
--- PASS: TestUnit_Config_Loader_Initialization (0.00s)
=== RUN   TestUnit_FileSystem_Abs
=== RUN   TestUnit_FileSystem_Abs/RealFileSystem
=== RUN   TestUnit_FileSystem_Abs/MockFileSystem
=== RUN   TestUnit_FileSystem_Abs/MockFileSystem/relative
=== RUN   TestUnit_FileSystem_Abs/MockFileSystem/absolute
=== RUN   TestUnit_FileSystem_Abs/MockFileSystem/dot
=== RUN   TestUnit_FileSystem_Abs/ResolvePath_propagates_Abs_error
--- PASS: TestUnit_FileSystem_Abs (0.00s)
    --- PASS: TestUnit_FileSystem_Abs/RealFileSystem (0.00s)
    --- PASS: TestUnit_FileSystem_Abs/MockFileSystem (0.00s)
        --- PASS: TestUnit_FileSystem_Abs/MockFileSystem/relative (0.00s)
        --- PASS: TestUnit_FileSystem_Abs/MockFileSystem/absolute (0.00s)
        --- PASS: TestUnit_FileSystem_Abs/MockFileSystem/dot (0.00s)
    --- PASS: TestUnit_FileSystem_Abs/ResolvePath_propagates_Abs_error (0.00s)
=== RUN   TestUnit_ExpressionResolver_ResolveFile_MaxDirectiveFileSizeBoundary
=== RUN   TestUnit_ExpressionResolver_ResolveFile_MaxDirectiveFileSizeBoundary/resolveFile_exactly_MaxDirectiveFileSize
=== RUN   TestUnit_ExpressionResolver_ResolveFile_MaxDirectiveFileSizeBoundary/resolveFile_exceeding_MaxDirectiveFileSize_in_Stat
=== RUN   TestUnit_ExpressionResolver_ResolveFile_MaxDirectiveFileSizeBoundary/resolveFile_exceeding_MaxDirectiveFileSize_in_ReadFile
=== RUN   TestUnit_ExpressionResolver_ResolveFile_MaxDirectiveFileSizeBoundary/resolveFile_error_caching
--- PASS: TestUnit_ExpressionResolver_ResolveFile_MaxDirectiveFileSizeBoundary (0.00s)
    --- PASS: TestUnit_ExpressionResolver_ResolveFile_MaxDirectiveFileSizeBoundary/resolveFile_exactly_MaxDirectiveFileSize (0.00s)
    --- PASS: TestUnit_ExpressionResolver_ResolveFile_MaxDirectiveFileSizeBoundary/resolveFile_exceeding_MaxDirectiveFileSize_in_Stat (0.00s)
    --- PASS: TestUnit_ExpressionResolver_ResolveFile_MaxDirectiveFileSizeBoundary/resolveFile_exceeding_MaxDirectiveFileSize_in_ReadFile (0.00s)
    --- PASS: TestUnit_ExpressionResolver_ResolveFile_MaxDirectiveFileSizeBoundary/resolveFile_error_caching (0.00s)
=== RUN   TestUnit_OptionRegistry_Getters
=== RUN   TestUnit_OptionRegistry_Getters/GetIntOption
=== RUN   TestUnit_OptionRegistry_Getters/GetFloat64Option
=== RUN   TestUnit_OptionRegistry_Getters/GetStringSliceOption
--- PASS: TestUnit_OptionRegistry_Getters (0.00s)
    --- PASS: TestUnit_OptionRegistry_Getters/GetIntOption (0.00s)
    --- PASS: TestUnit_OptionRegistry_Getters/GetFloat64Option (0.00s)
    --- PASS: TestUnit_OptionRegistry_Getters/GetStringSliceOption (0.00s)
=== RUN   TestUnit_Config_SetBaseDirBehavior
=== RUN   TestUnit_Config_SetBaseDirBehavior/CDERunConfig.SetBaseDir_with_HostContext_Mounts
=== RUN   TestUnit_Config_SetBaseDirBehavior/ToolConfig.SetBaseDir
--- PASS: TestUnit_Config_SetBaseDirBehavior (0.00s)
    --- PASS: TestUnit_Config_SetBaseDirBehavior/CDERunConfig.SetBaseDir_with_HostContext_Mounts (0.00s)
    --- PASS: TestUnit_Config_SetBaseDirBehavior/ToolConfig.SetBaseDir (0.00s)
=== RUN   TestUnit_Resolver_InternalHelpers
=== RUN   TestUnit_Resolver_InternalHelpers/ptr_helper
=== RUN   TestUnit_Resolver_InternalHelpers/getFieldInfo_for_non-slice_types
--- PASS: TestUnit_Resolver_InternalHelpers (0.00s)
    --- PASS: TestUnit_Resolver_InternalHelpers/ptr_helper (0.00s)
    --- PASS: TestUnit_Resolver_InternalHelpers/getFieldInfo_for_non-slice_types (0.00s)
=== RUN   TestUnit_ExpressionResolver_ResolveString_Empty
--- PASS: TestUnit_ExpressionResolver_ResolveString_Empty (0.00s)
=== RUN   TestIntegration_Config_Load_MockFS
=== PAUSE TestIntegration_Config_Load_MockFS
=== RUN   TestIntegration_Config_Merge_Hierarchical
=== PAUSE TestIntegration_Config_Merge_Hierarchical
=== RUN   TestIntegration_Config_Expression_Resolve
=== PAUSE TestIntegration_Config_Expression_Resolve
=== RUN   TestUnit_Config_MaskSensitiveEnv_Advanced
=== RUN   TestUnit_Config_MaskSensitiveEnv_Advanced/Multiple_sensitive_keywords
=== RUN   TestUnit_Config_MaskSensitiveEnv_Advanced/Complex_camelCase
=== RUN   TestUnit_Config_MaskSensitiveEnv_Advanced/Acronym_and_CamelCase
=== RUN   TestUnit_Config_MaskSensitiveEnv_Advanced/Mixed_snake_and_camel
=== RUN   TestUnit_Config_MaskSensitiveEnv_Advanced/Multiple_acronyms
=== RUN   TestUnit_Config_MaskSensitiveEnv_Advanced/Acronym_at_the_end
=== RUN   TestUnit_Config_MaskSensitiveEnv_Advanced/Acronym_at_the_end_with_keyword
=== RUN   TestUnit_Config_MaskSensitiveEnv_Advanced/Single_letter_segments
--- PASS: TestUnit_Config_MaskSensitiveEnv_Advanced (0.00s)
    --- PASS: TestUnit_Config_MaskSensitiveEnv_Advanced/Multiple_sensitive_keywords (0.00s)
    --- PASS: TestUnit_Config_MaskSensitiveEnv_Advanced/Complex_camelCase (0.00s)
    --- PASS: TestUnit_Config_MaskSensitiveEnv_Advanced/Acronym_and_CamelCase (0.00s)
    --- PASS: TestUnit_Config_MaskSensitiveEnv_Advanced/Mixed_snake_and_camel (0.00s)
    --- PASS: TestUnit_Config_MaskSensitiveEnv_Advanced/Multiple_acronyms (0.00s)
    --- PASS: TestUnit_Config_MaskSensitiveEnv_Advanced/Acronym_at_the_end (0.00s)
    --- PASS: TestUnit_Config_MaskSensitiveEnv_Advanced/Acronym_at_the_end_with_keyword (0.00s)
    --- PASS: TestUnit_Config_MaskSensitiveEnv_Advanced/Single_letter_segments (0.00s)
=== RUN   TestUnit_Config_MaskSensitiveEnvList_Nil
--- PASS: TestUnit_Config_MaskSensitiveEnvList_Nil (0.00s)
=== RUN   TestMaskSensitiveEnv
=== RUN   TestMaskSensitiveEnv/Safe_variable
=== RUN   TestMaskSensitiveEnv/Standard_snake_case_password
=== RUN   TestMaskSensitiveEnv/Standard_snake_case_secret
=== RUN   TestMaskSensitiveEnv/Standard_snake_case_token
=== RUN   TestMaskSensitiveEnv/Standard_snake_case_key
=== RUN   TestMaskSensitiveEnv/Standard_snake_case_auth
=== RUN   TestMaskSensitiveEnv/Standard_snake_case_sig
=== RUN   TestMaskSensitiveEnv/False_positive_MONKEY
=== RUN   TestMaskSensitiveEnv/False_positive_KEYAKI
=== RUN   TestMaskSensitiveEnv/False_positive_KEYWORD
=== RUN   TestMaskSensitiveEnv/CamelCase_password
=== RUN   TestMaskSensitiveEnv/CamelCase_token
=== RUN   TestMaskSensitiveEnv/CamelCase_key
=== RUN   TestMaskSensitiveEnv/Acronym_APIKey
=== RUN   TestMaskSensitiveEnv/Acronym_DBPassword
=== RUN   TestMaskSensitiveEnv/Acronym_SSHKey
=== RUN   TestMaskSensitiveEnv/Already_masked_value
=== RUN   TestMaskSensitiveEnv/Empty_value
=== RUN   TestMaskSensitiveEnv/Lowercase_password
=== RUN   TestMaskSensitiveEnv/Letter-digit_boundary_password
=== RUN   TestMaskSensitiveEnv/Digit-letter_boundary_key
=== RUN   TestMaskSensitiveEnv/Letter-digit_camel_boundary
=== RUN   TestMaskSensitiveEnv/CERT_keyword
=== RUN   TestMaskSensitiveEnv/PEM_keyword
=== RUN   TestMaskSensitiveEnv/PRIVATE_keyword
=== RUN   TestMaskSensitiveEnv/CREDENTIALS_keyword
=== RUN   TestMaskSensitiveEnv/PASSPHRASE_keyword
=== RUN   TestMaskSensitiveEnv/APIKEY_keyword
=== RUN   TestMaskSensitiveEnv/SESSION_keyword
--- PASS: TestMaskSensitiveEnv (0.00s)
    --- PASS: TestMaskSensitiveEnv/Safe_variable (0.00s)
    --- PASS: TestMaskSensitiveEnv/Standard_snake_case_password (0.00s)
    --- PASS: TestMaskSensitiveEnv/Standard_snake_case_secret (0.00s)
    --- PASS: TestMaskSensitiveEnv/Standard_snake_case_token (0.00s)
    --- PASS: TestMaskSensitiveEnv/Standard_snake_case_key (0.00s)
    --- PASS: TestMaskSensitiveEnv/Standard_snake_case_auth (0.00s)
    --- PASS: TestMaskSensitiveEnv/Standard_snake_case_sig (0.00s)
    --- PASS: TestMaskSensitiveEnv/False_positive_MONKEY (0.00s)
    --- PASS: TestMaskSensitiveEnv/False_positive_KEYAKI (0.00s)
    --- PASS: TestMaskSensitiveEnv/False_positive_KEYWORD (0.00s)
    --- PASS: TestMaskSensitiveEnv/CamelCase_password (0.00s)
    --- PASS: TestMaskSensitiveEnv/CamelCase_token (0.00s)
    --- PASS: TestMaskSensitiveEnv/CamelCase_key (0.00s)
    --- PASS: TestMaskSensitiveEnv/Acronym_APIKey (0.00s)
    --- PASS: TestMaskSensitiveEnv/Acronym_DBPassword (0.00s)
    --- PASS: TestMaskSensitiveEnv/Acronym_SSHKey (0.00s)
    --- PASS: TestMaskSensitiveEnv/Already_masked_value (0.00s)
    --- PASS: TestMaskSensitiveEnv/Empty_value (0.00s)
    --- PASS: TestMaskSensitiveEnv/Lowercase_password (0.00s)
    --- PASS: TestMaskSensitiveEnv/Letter-digit_boundary_password (0.00s)
    --- PASS: TestMaskSensitiveEnv/Digit-letter_boundary_key (0.00s)
    --- PASS: TestMaskSensitiveEnv/Letter-digit_camel_boundary (0.00s)
    --- PASS: TestMaskSensitiveEnv/CERT_keyword (0.00s)
    --- PASS: TestMaskSensitiveEnv/PEM_keyword (0.00s)
    --- PASS: TestMaskSensitiveEnv/PRIVATE_keyword (0.00s)
    --- PASS: TestMaskSensitiveEnv/CREDENTIALS_keyword (0.00s)
    --- PASS: TestMaskSensitiveEnv/PASSPHRASE_keyword (0.00s)
    --- PASS: TestMaskSensitiveEnv/APIKEY_keyword (0.00s)
    --- PASS: TestMaskSensitiveEnv/SESSION_keyword (0.00s)
=== RUN   TestMaskSensitiveEnvList
--- PASS: TestMaskSensitiveEnvList (0.00s)
=== RUN   TestUnit_Resolver_EmptyListOverride
--- PASS: TestUnit_Resolver_EmptyListOverride (0.00s)
=== RUN   TestUnit_Resolver_EmptyEnvOverride
--- PASS: TestUnit_Resolver_EmptyEnvOverride (0.00s)
=== RUN   TestUnit_Config_Path_ValidateToolName_Exhaustive
=== RUN   TestUnit_Config_Path_ValidateToolName_Exhaustive/Empty_name
=== RUN   TestUnit_Config_Path_ValidateToolName_Exhaustive/Absolute_path
=== RUN   TestUnit_Config_Path_ValidateToolName_Exhaustive/Current_directory
=== RUN   TestUnit_Config_Path_ValidateToolName_Exhaustive/Parent_directory
=== RUN   TestUnit_Config_Path_ValidateToolName_Exhaustive/Valid_with_dot
=== RUN   TestUnit_Config_Path_ValidateToolName_Exhaustive/Valid_with_underscore
=== RUN   TestUnit_Config_Path_ValidateToolName_Exhaustive/Valid_with_hyphen
=== RUN   TestUnit_Config_Path_ValidateToolName_Exhaustive/Invalid_character_space
=== RUN   TestUnit_Config_Path_ValidateToolName_Exhaustive/Invalid_character_colon
=== RUN   TestUnit_Config_Path_ValidateToolName_Exhaustive/Invalid_character_slash
=== RUN   TestUnit_Config_Path_ValidateToolName_Exhaustive/Invalid_character_backslash
=== RUN   TestUnit_Config_Path_ValidateToolName_Exhaustive/Valid_alphanumeric
--- PASS: TestUnit_Config_Path_ValidateToolName_Exhaustive (0.00s)
    --- PASS: TestUnit_Config_Path_ValidateToolName_Exhaustive/Empty_name (0.00s)
    --- PASS: TestUnit_Config_Path_ValidateToolName_Exhaustive/Absolute_path (0.00s)
    --- PASS: TestUnit_Config_Path_ValidateToolName_Exhaustive/Current_directory (0.00s)
    --- PASS: TestUnit_Config_Path_ValidateToolName_Exhaustive/Parent_directory (0.00s)
    --- PASS: TestUnit_Config_Path_ValidateToolName_Exhaustive/Valid_with_dot (0.00s)
    --- PASS: TestUnit_Config_Path_ValidateToolName_Exhaustive/Valid_with_underscore (0.00s)
    --- PASS: TestUnit_Config_Path_ValidateToolName_Exhaustive/Valid_with_hyphen (0.00s)
    --- PASS: TestUnit_Config_Path_ValidateToolName_Exhaustive/Invalid_character_space (0.00s)
    --- PASS: TestUnit_Config_Path_ValidateToolName_Exhaustive/Invalid_character_colon (0.00s)
    --- PASS: TestUnit_Config_Path_ValidateToolName_Exhaustive/Invalid_character_slash (0.00s)
    --- PASS: TestUnit_Config_Path_ValidateToolName_Exhaustive/Invalid_character_backslash (0.00s)
    --- PASS: TestUnit_Config_Path_ValidateToolName_Exhaustive/Valid_alphanumeric (0.00s)
=== RUN   TestUnit_Config_Path_ResolvePath_AbsError
--- PASS: TestUnit_Config_Path_ResolvePath_AbsError (0.00s)
=== RUN   TestUnit_Config_Path_ResolvePath_HostContext_Coverage
=== PAUSE TestUnit_Config_Path_ResolvePath_HostContext_Coverage
=== RUN   TestUnit_Config_Path_SplitHostRemainder_Windows
=== PAUSE TestUnit_Config_Path_SplitHostRemainder_Windows
=== RUN   TestUnit_Config_Path_ParseDeviceConfig_Exhaustive
=== PAUSE TestUnit_Config_Path_ParseDeviceConfig_Exhaustive
=== RUN   TestUnit_Config_Path_ValidateAnchorBoundaries_Coverage
=== RUN   TestUnit_Config_Path_ValidateAnchorBoundaries_Coverage/r_is_nil_with_tilde
=== RUN   TestUnit_Config_Path_ValidateAnchorBoundaries_Coverage/r_is_nil_with_non-tilde_anchor
=== RUN   TestUnit_Config_Path_ValidateAnchorBoundaries_Coverage/BASE_HOME_and_BASE_PWD
=== RUN   TestUnit_Config_Path_ValidateAnchorBoundaries_Coverage/BASE_HOME_and_BASE_PWD_fallback
=== RUN   TestUnit_Config_Path_ValidateAnchorBoundaries_Coverage/fs.Abs_failure_for_anchorPath
=== RUN   TestUnit_Config_Path_ValidateAnchorBoundaries_Coverage/fs.Abs_failure_for_resolved_path
=== RUN   TestUnit_Config_Path_ValidateAnchorBoundaries_Coverage/anchorPath_is_empty
=== RUN   TestUnit_Config_Path_ValidateAnchorBoundaries_Coverage/UserHomeDir_failure_when_r_is_nil
--- PASS: TestUnit_Config_Path_ValidateAnchorBoundaries_Coverage (0.00s)
    --- PASS: TestUnit_Config_Path_ValidateAnchorBoundaries_Coverage/r_is_nil_with_tilde (0.00s)
    --- PASS: TestUnit_Config_Path_ValidateAnchorBoundaries_Coverage/r_is_nil_with_non-tilde_anchor (0.00s)
    --- PASS: TestUnit_Config_Path_ValidateAnchorBoundaries_Coverage/BASE_HOME_and_BASE_PWD (0.00s)
    --- PASS: TestUnit_Config_Path_ValidateAnchorBoundaries_Coverage/BASE_HOME_and_BASE_PWD_fallback (0.00s)
    --- PASS: TestUnit_Config_Path_ValidateAnchorBoundaries_Coverage/fs.Abs_failure_for_anchorPath (0.00s)
    --- PASS: TestUnit_Config_Path_ValidateAnchorBoundaries_Coverage/fs.Abs_failure_for_resolved_path (0.00s)
    --- PASS: TestUnit_Config_Path_ValidateAnchorBoundaries_Coverage/anchorPath_is_empty (0.00s)
    --- PASS: TestUnit_Config_Path_ValidateAnchorBoundaries_Coverage/UserHomeDir_failure_when_r_is_nil (0.00s)
=== RUN   TestUnit_Config_Path_ResolveVolume_ResolveDevice_Errors
=== PAUSE TestUnit_Config_Path_ResolveVolume_ResolveDevice_Errors
=== RUN   TestUnit_Config_ValidateImageName
=== RUN   TestUnit_Config_ValidateImageName/Basic_image
=== RUN   TestUnit_Config_ValidateImageName/Image_with_tag
=== RUN   TestUnit_Config_ValidateImageName/Image_with_registry
=== RUN   TestUnit_Config_ValidateImageName/Image_with_port
=== RUN   TestUnit_Config_ValidateImageName/Image_with_digest
=== RUN   TestUnit_Config_ValidateImageName/Complex_image
=== RUN   TestUnit_Config_ValidateImageName/Image_with_underscore
=== RUN   TestUnit_Config_ValidateImageName/Image_with_dot
=== RUN   TestUnit_Config_ValidateImageName/Empty_image
=== RUN   TestUnit_Config_ValidateImageName/Invalid_character_(space)
=== RUN   TestUnit_Config_ValidateImageName/Invalid_character_(control)
=== RUN   TestUnit_Config_ValidateImageName/Invalid_character_(semicolon)
=== RUN   TestUnit_Config_ValidateImageName/Invalid_character_(shell)
--- PASS: TestUnit_Config_ValidateImageName (0.00s)
    --- PASS: TestUnit_Config_ValidateImageName/Basic_image (0.00s)
    --- PASS: TestUnit_Config_ValidateImageName/Image_with_tag (0.00s)
    --- PASS: TestUnit_Config_ValidateImageName/Image_with_registry (0.00s)
    --- PASS: TestUnit_Config_ValidateImageName/Image_with_port (0.00s)
    --- PASS: TestUnit_Config_ValidateImageName/Image_with_digest (0.00s)
    --- PASS: TestUnit_Config_ValidateImageName/Complex_image (0.00s)
    --- PASS: TestUnit_Config_ValidateImageName/Image_with_underscore (0.00s)
    --- PASS: TestUnit_Config_ValidateImageName/Image_with_dot (0.00s)
    --- PASS: TestUnit_Config_ValidateImageName/Empty_image (0.00s)
    --- PASS: TestUnit_Config_ValidateImageName/Invalid_character_(space) (0.00s)
    --- PASS: TestUnit_Config_ValidateImageName/Invalid_character_(control) (0.00s)
    --- PASS: TestUnit_Config_ValidateImageName/Invalid_character_(semicolon) (0.00s)
    --- PASS: TestUnit_Config_ValidateImageName/Invalid_character_(shell) (0.00s)
=== RUN   TestUnit_Config_ValidateEnvKey
=== RUN   TestUnit_Config_ValidateEnvKey/Standard_key
=== RUN   TestUnit_Config_ValidateEnvKey/Key_with_numbers
=== RUN   TestUnit_Config_ValidateEnvKey/Key_starting_with_underscore
=== RUN   TestUnit_Config_ValidateEnvKey/Key_with_lowercase
=== RUN   TestUnit_Config_ValidateEnvKey/Empty_key
=== RUN   TestUnit_Config_ValidateEnvKey/Key_starting_with_number
=== RUN   TestUnit_Config_ValidateEnvKey/Key_with_hyphen
=== RUN   TestUnit_Config_ValidateEnvKey/Key_with_space
=== RUN   TestUnit_Config_ValidateEnvKey/Key_with_dot
=== RUN   TestUnit_Config_ValidateEnvKey/Key_with_control_char
=== RUN   TestUnit_Config_ValidateEnvKey/Key_with_shell_char
--- PASS: TestUnit_Config_ValidateEnvKey (0.00s)
    --- PASS: TestUnit_Config_ValidateEnvKey/Standard_key (0.00s)
    --- PASS: TestUnit_Config_ValidateEnvKey/Key_with_numbers (0.00s)
    --- PASS: TestUnit_Config_ValidateEnvKey/Key_starting_with_underscore (0.00s)
    --- PASS: TestUnit_Config_ValidateEnvKey/Key_with_lowercase (0.00s)
    --- PASS: TestUnit_Config_ValidateEnvKey/Empty_key (0.00s)
    --- PASS: TestUnit_Config_ValidateEnvKey/Key_starting_with_number (0.00s)
    --- PASS: TestUnit_Config_ValidateEnvKey/Key_with_hyphen (0.00s)
    --- PASS: TestUnit_Config_ValidateEnvKey/Key_with_space (0.00s)
    --- PASS: TestUnit_Config_ValidateEnvKey/Key_with_dot (0.00s)
    --- PASS: TestUnit_Config_ValidateEnvKey/Key_with_control_char (0.00s)
    --- PASS: TestUnit_Config_ValidateEnvKey/Key_with_shell_char (0.00s)
=== RUN   TestUnit_Config_ValidatePathChars
=== RUN   TestUnit_Config_ValidatePathChars/Safe_path
=== RUN   TestUnit_Config_ValidatePathChars/Path_with_space
=== RUN   TestUnit_Config_ValidatePathChars/Path_with_tab_(control)
=== RUN   TestUnit_Config_ValidatePathChars/Path_with_newline_(control)
=== RUN   TestUnit_Config_ValidatePathChars/Path_with_carriage_return_(control)
=== RUN   TestUnit_Config_ValidatePathChars/Path_with_null_byte
=== RUN   TestUnit_Config_ValidatePathChars/Path_with_escape_char
=== RUN   TestUnit_Config_ValidatePathChars/Path_with_delete_char
--- PASS: TestUnit_Config_ValidatePathChars (0.00s)
    --- PASS: TestUnit_Config_ValidatePathChars/Safe_path (0.00s)
    --- PASS: TestUnit_Config_ValidatePathChars/Path_with_space (0.00s)
    --- PASS: TestUnit_Config_ValidatePathChars/Path_with_tab_(control) (0.00s)
    --- PASS: TestUnit_Config_ValidatePathChars/Path_with_newline_(control) (0.00s)
    --- PASS: TestUnit_Config_ValidatePathChars/Path_with_carriage_return_(control) (0.00s)
    --- PASS: TestUnit_Config_ValidatePathChars/Path_with_null_byte (0.00s)
    --- PASS: TestUnit_Config_ValidatePathChars/Path_with_escape_char (0.00s)
    --- PASS: TestUnit_Config_ValidatePathChars/Path_with_delete_char (0.00s)
=== RUN   TestUnit_Config_ResolvePath_AnchorBoundary
=== PAUSE TestUnit_Config_ResolvePath_AnchorBoundary
=== RUN   TestUnit_Config_ValidatePort
=== RUN   TestUnit_Config_ValidatePort/Standard_port
=== RUN   TestUnit_Config_ValidatePort/Port_with_protocol
=== RUN   TestUnit_Config_ValidatePort/Single_port
=== RUN   TestUnit_Config_ValidatePort/Empty_port
=== RUN   TestUnit_Config_ValidatePort/IP_and_port
=== RUN   TestUnit_Config_ValidatePort/IP_and_container_port
=== RUN   TestUnit_Config_ValidatePort/Invalid_host_port
=== RUN   TestUnit_Config_ValidatePort/Invalid_container_port
=== RUN   TestUnit_Config_ValidatePort/Invalid_protocol
=== RUN   TestUnit_Config_ValidatePort/Port_with_control_char
=== RUN   TestUnit_Config_ValidatePort/Too_many_colons
=== RUN   TestUnit_Config_ValidatePort/Invalid_IP
--- PASS: TestUnit_Config_ValidatePort (0.00s)
    --- PASS: TestUnit_Config_ValidatePort/Standard_port (0.00s)
    --- PASS: TestUnit_Config_ValidatePort/Port_with_protocol (0.00s)
    --- PASS: TestUnit_Config_ValidatePort/Single_port (0.00s)
    --- PASS: TestUnit_Config_ValidatePort/Empty_port (0.00s)
    --- PASS: TestUnit_Config_ValidatePort/IP_and_port (0.00s)
    --- PASS: TestUnit_Config_ValidatePort/IP_and_container_port (0.00s)
    --- PASS: TestUnit_Config_ValidatePort/Invalid_host_port (0.00s)
    --- PASS: TestUnit_Config_ValidatePort/Invalid_container_port (0.00s)
    --- PASS: TestUnit_Config_ValidatePort/Invalid_protocol (0.00s)
    --- PASS: TestUnit_Config_ValidatePort/Port_with_control_char (0.00s)
    --- PASS: TestUnit_Config_ValidatePort/Too_many_colons (0.00s)
    --- PASS: TestUnit_Config_ValidatePort/Invalid_IP (0.00s)
=== RUN   TestUnit_Config_ValidateDNS
=== RUN   TestUnit_Config_ValidateDNS/IPv4
=== RUN   TestUnit_Config_ValidateDNS/IPv6
=== RUN   TestUnit_Config_ValidateDNS/Empty
=== RUN   TestUnit_Config_ValidateDNS/Invalid_IP
=== RUN   TestUnit_Config_ValidateDNS/Hostname
=== RUN   TestUnit_Config_ValidateDNS/Injection_attempt
--- PASS: TestUnit_Config_ValidateDNS (0.00s)
    --- PASS: TestUnit_Config_ValidateDNS/IPv4 (0.00s)
    --- PASS: TestUnit_Config_ValidateDNS/IPv6 (0.00s)
    --- PASS: TestUnit_Config_ValidateDNS/Empty (0.00s)
    --- PASS: TestUnit_Config_ValidateDNS/Invalid_IP (0.00s)
    --- PASS: TestUnit_Config_ValidateDNS/Hostname (0.00s)
    --- PASS: TestUnit_Config_ValidateDNS/Injection_attempt (0.00s)
=== RUN   TestUnit_Config_ValidateAddHost
=== RUN   TestUnit_Config_ValidateAddHost/Standard
=== RUN   TestUnit_Config_ValidateAddHost/Host_gateway
=== RUN   TestUnit_Config_ValidateAddHost/Empty
=== RUN   TestUnit_Config_ValidateAddHost/Missing_colon
=== RUN   TestUnit_Config_ValidateAddHost/Invalid_IP
=== RUN   TestUnit_Config_ValidateAddHost/Invalid_Hostname
=== RUN   TestUnit_Config_ValidateAddHost/Injection_attempt
--- PASS: TestUnit_Config_ValidateAddHost (0.00s)
    --- PASS: TestUnit_Config_ValidateAddHost/Standard (0.00s)
    --- PASS: TestUnit_Config_ValidateAddHost/Host_gateway (0.00s)
    --- PASS: TestUnit_Config_ValidateAddHost/Empty (0.00s)
    --- PASS: TestUnit_Config_ValidateAddHost/Missing_colon (0.00s)
    --- PASS: TestUnit_Config_ValidateAddHost/Invalid_IP (0.00s)
    --- PASS: TestUnit_Config_ValidateAddHost/Invalid_Hostname (0.00s)
    --- PASS: TestUnit_Config_ValidateAddHost/Injection_attempt (0.00s)
=== RUN   TestUnit_Config_ValidateCapability
=== RUN   TestUnit_Config_ValidateCapability/Standard
=== RUN   TestUnit_Config_ValidateCapability/NET_RAW
=== RUN   TestUnit_Config_ValidateCapability/Empty
=== RUN   TestUnit_Config_ValidateCapability/Lowercase
=== RUN   TestUnit_Config_ValidateCapability/Injection_attempt
=== RUN   TestUnit_Config_ValidateCapability/Space
--- PASS: TestUnit_Config_ValidateCapability (0.00s)
    --- PASS: TestUnit_Config_ValidateCapability/Standard (0.00s)
    --- PASS: TestUnit_Config_ValidateCapability/NET_RAW (0.00s)
    --- PASS: TestUnit_Config_ValidateCapability/Empty (0.00s)
    --- PASS: TestUnit_Config_ValidateCapability/Lowercase (0.00s)
    --- PASS: TestUnit_Config_ValidateCapability/Injection_attempt (0.00s)
    --- PASS: TestUnit_Config_ValidateCapability/Space (0.00s)
=== RUN   TestUnit_Config_ValidateWorkdir
=== RUN   TestUnit_Config_ValidateWorkdir/Absolute
=== RUN   TestUnit_Config_ValidateWorkdir/Root
=== RUN   TestUnit_Config_ValidateWorkdir/Empty
=== RUN   TestUnit_Config_ValidateWorkdir/Relative
=== RUN   TestUnit_Config_ValidateWorkdir/Home_tilde
=== RUN   TestUnit_Config_ValidateWorkdir/Injection_attempt
--- PASS: TestUnit_Config_ValidateWorkdir (0.00s)
    --- PASS: TestUnit_Config_ValidateWorkdir/Absolute (0.00s)
    --- PASS: TestUnit_Config_ValidateWorkdir/Root (0.00s)
    --- PASS: TestUnit_Config_ValidateWorkdir/Empty (0.00s)
    --- PASS: TestUnit_Config_ValidateWorkdir/Relative (0.00s)
    --- PASS: TestUnit_Config_ValidateWorkdir/Home_tilde (0.00s)
    --- PASS: TestUnit_Config_ValidateWorkdir/Injection_attempt (0.00s)
=== RUN   TestUnit_Config_ValidateToolName
=== RUN   TestUnit_Config_ValidateToolName/Basic_tool_name
=== RUN   TestUnit_Config_ValidateToolName/Tool_name_with_hyphen
=== RUN   TestUnit_Config_ValidateToolName/Tool_name_with_underscore
=== RUN   TestUnit_Config_ValidateToolName/Tool_name_with_double_dot
=== RUN   TestUnit_Config_ValidateToolName/Empty_tool_name
=== RUN   TestUnit_Config_ValidateToolName/Absolute_path_tool_name
=== RUN   TestUnit_Config_ValidateToolName/Parent_directory_traversal
=== RUN   TestUnit_Config_ValidateToolName/Subdirectory_tool_name_(Linux)
=== RUN   TestUnit_Config_ValidateToolName/Subdirectory_tool_name_(Windows)
=== RUN   TestUnit_Config_ValidateToolName/Control_character_in_tool_name
--- PASS: TestUnit_Config_ValidateToolName (0.00s)
    --- PASS: TestUnit_Config_ValidateToolName/Basic_tool_name (0.00s)
    --- PASS: TestUnit_Config_ValidateToolName/Tool_name_with_hyphen (0.00s)
    --- PASS: TestUnit_Config_ValidateToolName/Tool_name_with_underscore (0.00s)
    --- PASS: TestUnit_Config_ValidateToolName/Tool_name_with_double_dot (0.00s)
    --- PASS: TestUnit_Config_ValidateToolName/Empty_tool_name (0.00s)
    --- PASS: TestUnit_Config_ValidateToolName/Absolute_path_tool_name (0.00s)
    --- PASS: TestUnit_Config_ValidateToolName/Parent_directory_traversal (0.00s)
    --- PASS: TestUnit_Config_ValidateToolName/Subdirectory_tool_name_(Linux) (0.00s)
    --- PASS: TestUnit_Config_ValidateToolName/Subdirectory_tool_name_(Windows) (0.00s)
    --- PASS: TestUnit_Config_ValidateToolName/Control_character_in_tool_name (0.00s)
=== RUN   TestUnit_Config_Mount_AbsoluteTarget
=== PAUSE TestUnit_Config_Mount_AbsoluteTarget
=== RUN   TestUnit_Config_Device_AbsoluteDestination
=== PAUSE TestUnit_Config_Device_AbsoluteDestination
=== RUN   TestUnit_Config_ResolveWithFS_SecurityValidation
=== PAUSE TestUnit_Config_ResolveWithFS_SecurityValidation
=== RUN   TestUnit_Path_Resolution
=== RUN   TestUnit_Path_Resolution/ResolvePath
=== RUN   TestUnit_Path_Resolution/ConfigPath.Resolve
=== RUN   TestUnit_Path_Resolution/MountConfig.Resolve
=== RUN   TestUnit_Path_Resolution/DeviceConfig.Resolve
=== RUN   TestUnit_Path_Resolution/ParseMountFlag
=== RUN   TestUnit_Path_Resolution/Windows_Paths
=== RUN   TestUnit_Path_Resolution/Scheme_Preservation
=== RUN   TestUnit_Path_Resolution/Reverse_Path_Resolution_(Nested)
=== RUN   TestUnit_Path_Resolution/Reverse_Path_Resolution_(Nested_Priority)
=== RUN   TestUnit_Path_Resolution/Reverse_Path_Resolution_(Specificity_vs_Level)
=== RUN   TestUnit_Path_Resolution/Reverse_Path_Resolution_(Same_Specificity)
=== RUN   TestUnit_Path_Resolution/Reverse_Path_Resolution_(Partial_Segment_Match)
=== RUN   TestUnit_Path_Resolution/MountConfig.Resolve_target_not_reverse-resolved_in_nested
--- PASS: TestUnit_Path_Resolution (0.00s)
    --- PASS: TestUnit_Path_Resolution/ResolvePath (0.00s)
    --- PASS: TestUnit_Path_Resolution/ConfigPath.Resolve (0.00s)
    --- PASS: TestUnit_Path_Resolution/MountConfig.Resolve (0.00s)
    --- PASS: TestUnit_Path_Resolution/DeviceConfig.Resolve (0.00s)
    --- PASS: TestUnit_Path_Resolution/ParseMountFlag (0.00s)
    --- PASS: TestUnit_Path_Resolution/Windows_Paths (0.00s)
    --- PASS: TestUnit_Path_Resolution/Scheme_Preservation (0.00s)
    --- PASS: TestUnit_Path_Resolution/Reverse_Path_Resolution_(Nested) (0.00s)
    --- PASS: TestUnit_Path_Resolution/Reverse_Path_Resolution_(Nested_Priority) (0.00s)
    --- PASS: TestUnit_Path_Resolution/Reverse_Path_Resolution_(Specificity_vs_Level) (0.00s)
    --- PASS: TestUnit_Path_Resolution/Reverse_Path_Resolution_(Same_Specificity) (0.00s)
    --- PASS: TestUnit_Path_Resolution/Reverse_Path_Resolution_(Partial_Segment_Match) (0.00s)
    --- PASS: TestUnit_Path_Resolution/MountConfig.Resolve_target_not_reverse-resolved_in_nested (0.00s)
=== RUN   TestUnit_Path_MarshalYAML
=== RUN   TestUnit_Path_MarshalYAML/ConfigPath
=== RUN   TestUnit_Path_MarshalYAML/MountConfig
=== RUN   TestUnit_Path_MarshalYAML/DeviceConfig
=== RUN   TestUnit_Path_MarshalYAML/omitempty_behavior
--- PASS: TestUnit_Path_MarshalYAML (0.00s)
    --- PASS: TestUnit_Path_MarshalYAML/ConfigPath (0.00s)
    --- PASS: TestUnit_Path_MarshalYAML/MountConfig (0.00s)
    --- PASS: TestUnit_Path_MarshalYAML/DeviceConfig (0.00s)
    --- PASS: TestUnit_Path_MarshalYAML/omitempty_behavior (0.00s)
=== RUN   TestUnit_Path_Helpers
=== RUN   TestUnit_Path_Helpers/resolveVolumePath
=== RUN   TestUnit_Path_Helpers/resolveDevicePath
=== RUN   TestUnit_Path_Helpers/SplitHostRemainder
--- PASS: TestUnit_Path_Helpers (0.00s)
    --- PASS: TestUnit_Path_Helpers/resolveVolumePath (0.00s)
    --- PASS: TestUnit_Path_Helpers/resolveDevicePath (0.00s)
    --- PASS: TestUnit_Path_Helpers/SplitHostRemainder (0.00s)
=== RUN   TestUnit_Path_ParseDeviceConfig_Errors
=== RUN   TestUnit_Path_ParseDeviceConfig_Errors/empty_string
=== RUN   TestUnit_Path_ParseDeviceConfig_Errors/missing_components
--- PASS: TestUnit_Path_ParseDeviceConfig_Errors (0.00s)
    --- PASS: TestUnit_Path_ParseDeviceConfig_Errors/empty_string (0.00s)
    --- PASS: TestUnit_Path_ParseDeviceConfig_Errors/missing_components (0.00s)
=== RUN   TestUnit_Path_Resolve_Errors
=== RUN   TestUnit_Path_Resolve_Errors/ConfigPath.Resolve_empty
=== RUN   TestUnit_Path_Resolve_Errors/MountConfig.Resolve_-_Source_error
=== RUN   TestUnit_Path_Resolve_Errors/MountConfig.Resolve_-_Target_error
=== RUN   TestUnit_Path_Resolve_Errors/DeviceConfig.Resolve_-_Source_error
=== RUN   TestUnit_Path_Resolve_Errors/DeviceConfig.Resolve_-_Destination_error
=== RUN   TestUnit_Path_Resolve_Errors/ResolvePath_empty
=== RUN   TestUnit_Path_Resolve_Errors/expandHome_error
=== RUN   TestUnit_Path_Resolve_Errors/Expression_error_in_ResolvePath
=== RUN   TestUnit_Path_Resolve_Errors/Scheme_preservation_exhaustive
=== RUN   TestUnit_Path_Resolve_Errors/resolveVolumePath_-_no_separator
=== RUN   TestUnit_Path_Resolve_Errors/resolveDevicePath_-_no_separator
=== RUN   TestUnit_Path_Resolve_Errors/resolveVolumePath_-_ResolvePath_error
=== RUN   TestUnit_Path_Resolve_Errors/resolveDevicePath_-_ResolvePath_error
--- PASS: TestUnit_Path_Resolve_Errors (0.00s)
    --- PASS: TestUnit_Path_Resolve_Errors/ConfigPath.Resolve_empty (0.00s)
    --- PASS: TestUnit_Path_Resolve_Errors/MountConfig.Resolve_-_Source_error (0.00s)
    --- PASS: TestUnit_Path_Resolve_Errors/MountConfig.Resolve_-_Target_error (0.00s)
    --- PASS: TestUnit_Path_Resolve_Errors/DeviceConfig.Resolve_-_Source_error (0.00s)
    --- PASS: TestUnit_Path_Resolve_Errors/DeviceConfig.Resolve_-_Destination_error (0.00s)
    --- PASS: TestUnit_Path_Resolve_Errors/ResolvePath_empty (0.00s)
    --- PASS: TestUnit_Path_Resolve_Errors/expandHome_error (0.00s)
    --- PASS: TestUnit_Path_Resolve_Errors/Expression_error_in_ResolvePath (0.00s)
    --- PASS: TestUnit_Path_Resolve_Errors/Scheme_preservation_exhaustive (0.00s)
    --- PASS: TestUnit_Path_Resolve_Errors/resolveVolumePath_-_no_separator (0.00s)
    --- PASS: TestUnit_Path_Resolve_Errors/resolveDevicePath_-_no_separator (0.00s)
    --- PASS: TestUnit_Path_Resolve_Errors/resolveVolumePath_-_ResolvePath_error (0.00s)
    --- PASS: TestUnit_Path_Resolve_Errors/resolveDevicePath_-_ResolvePath_error (0.00s)
=== RUN   TestUnit_Path_UnmarshalYAMLErrors
=== RUN   TestUnit_Path_UnmarshalYAMLErrors/MountConfig
=== RUN   TestUnit_Path_UnmarshalYAMLErrors/DeviceConfig
--- PASS: TestUnit_Path_UnmarshalYAMLErrors (0.00s)
    --- PASS: TestUnit_Path_UnmarshalYAMLErrors/MountConfig (0.00s)
    --- PASS: TestUnit_Path_UnmarshalYAMLErrors/DeviceConfig (0.00s)
=== RUN   TestUnit_Path_ResolveVolume_Device
=== RUN   TestUnit_Path_ResolveVolume_Device/ResolveVolume
=== RUN   TestUnit_Path_ResolveVolume_Device/ResolveDevice
=== RUN   TestUnit_Path_ResolveVolume_Device/DeviceConfig.SetBaseDir
--- PASS: TestUnit_Path_ResolveVolume_Device (0.00s)
    --- PASS: TestUnit_Path_ResolveVolume_Device/ResolveVolume (0.00s)
    --- PASS: TestUnit_Path_ResolveVolume_Device/ResolveDevice (0.00s)
    --- PASS: TestUnit_Path_ResolveVolume_Device/DeviceConfig.SetBaseDir (0.00s)
=== RUN   TestUnit_Path_SplitHostRemainder_Windows_Invalid
=== RUN   TestUnit_Path_SplitHostRemainder_Windows_Invalid/Windows_path_without_separator
--- PASS: TestUnit_Path_SplitHostRemainder_Windows_Invalid (0.00s)
    --- PASS: TestUnit_Path_SplitHostRemainder_Windows_Invalid/Windows_path_without_separator (0.00s)
=== RUN   TestUnit_Config_ValidateHostname
=== RUN   TestUnit_Config_ValidateHostname/Basic_hostname
=== RUN   TestUnit_Config_ValidateHostname/Hostname_with_dots
=== RUN   TestUnit_Config_ValidateHostname/Hostname_with_hyphen
=== RUN   TestUnit_Config_ValidateHostname/Empty_hostname
=== RUN   TestUnit_Config_ValidateHostname/Too_long_hostname
=== RUN   TestUnit_Config_ValidateHostname/Invalid_characters
=== RUN   TestUnit_Config_ValidateHostname/Starts_with_hyphen
=== RUN   TestUnit_Config_ValidateHostname/Ends_with_hyphen
--- PASS: TestUnit_Config_ValidateHostname (0.00s)
    --- PASS: TestUnit_Config_ValidateHostname/Basic_hostname (0.00s)
    --- PASS: TestUnit_Config_ValidateHostname/Hostname_with_dots (0.00s)
    --- PASS: TestUnit_Config_ValidateHostname/Hostname_with_hyphen (0.00s)
    --- PASS: TestUnit_Config_ValidateHostname/Empty_hostname (0.00s)
    --- PASS: TestUnit_Config_ValidateHostname/Too_long_hostname (0.00s)
    --- PASS: TestUnit_Config_ValidateHostname/Invalid_characters (0.00s)
    --- PASS: TestUnit_Config_ValidateHostname/Starts_with_hyphen (0.00s)
    --- PASS: TestUnit_Config_ValidateHostname/Ends_with_hyphen (0.00s)
=== RUN   TestUnit_Config_ValidateNetworkName
=== RUN   TestUnit_Config_ValidateNetworkName/Basic_network
=== RUN   TestUnit_Config_ValidateNetworkName/Network_with_dots
=== RUN   TestUnit_Config_ValidateNetworkName/Network_with_underscore
=== RUN   TestUnit_Config_ValidateNetworkName/Empty_network
=== RUN   TestUnit_Config_ValidateNetworkName/Invalid_characters
=== RUN   TestUnit_Config_ValidateNetworkName/Starts_with_hyphen
--- PASS: TestUnit_Config_ValidateNetworkName (0.00s)
    --- PASS: TestUnit_Config_ValidateNetworkName/Basic_network (0.00s)
    --- PASS: TestUnit_Config_ValidateNetworkName/Network_with_dots (0.00s)
    --- PASS: TestUnit_Config_ValidateNetworkName/Network_with_underscore (0.00s)
    --- PASS: TestUnit_Config_ValidateNetworkName/Empty_network (0.00s)
    --- PASS: TestUnit_Config_ValidateNetworkName/Invalid_characters (0.00s)
    --- PASS: TestUnit_Config_ValidateNetworkName/Starts_with_hyphen (0.00s)
=== RUN   TestUnit_Config_ValidateUserName
=== RUN   TestUnit_Config_ValidateUserName/Basic_user
=== RUN   TestUnit_Config_ValidateUserName/User_and_group
=== RUN   TestUnit_Config_ValidateUserName/UID_and_GID
=== RUN   TestUnit_Config_ValidateUserName/User_with_dollar
=== RUN   TestUnit_Config_ValidateUserName/Empty_user
=== RUN   TestUnit_Config_ValidateUserName/Invalid_characters
=== RUN   TestUnit_Config_ValidateUserName/Too_many_colons
--- PASS: TestUnit_Config_ValidateUserName (0.00s)
    --- PASS: TestUnit_Config_ValidateUserName/Basic_user (0.00s)
    --- PASS: TestUnit_Config_ValidateUserName/User_and_group (0.00s)
    --- PASS: TestUnit_Config_ValidateUserName/UID_and_GID (0.00s)
    --- PASS: TestUnit_Config_ValidateUserName/User_with_dollar (0.00s)
    --- PASS: TestUnit_Config_ValidateUserName/Empty_user (0.00s)
    --- PASS: TestUnit_Config_ValidateUserName/Invalid_characters (0.00s)
    --- PASS: TestUnit_Config_ValidateUserName/Too_many_colons (0.00s)
=== RUN   TestUnit_Config_ValidateExposePort
=== RUN   TestUnit_Config_ValidateExposePort/Port
=== RUN   TestUnit_Config_ValidateExposePort/Port_range
=== RUN   TestUnit_Config_ValidateExposePort/Port_with_proto
=== RUN   TestUnit_Config_ValidateExposePort/Range_with_proto
=== RUN   TestUnit_Config_ValidateExposePort/Empty_port
=== RUN   TestUnit_Config_ValidateExposePort/Invalid_protocol
=== RUN   TestUnit_Config_ValidateExposePort/Invalid_range
--- PASS: TestUnit_Config_ValidateExposePort (0.00s)
    --- PASS: TestUnit_Config_ValidateExposePort/Port (0.00s)
    --- PASS: TestUnit_Config_ValidateExposePort/Port_range (0.00s)
    --- PASS: TestUnit_Config_ValidateExposePort/Port_with_proto (0.00s)
    --- PASS: TestUnit_Config_ValidateExposePort/Range_with_proto (0.00s)
    --- PASS: TestUnit_Config_ValidateExposePort/Empty_port (0.00s)
    --- PASS: TestUnit_Config_ValidateExposePort/Invalid_protocol (0.00s)
    --- PASS: TestUnit_Config_ValidateExposePort/Invalid_range (0.00s)
=== RUN   TestPascalCase
=== RUN   TestPascalCase/image
=== RUN   TestPascalCase/dry-run-format
=== RUN   TestPascalCase/tty
=== RUN   TestPascalCase/dns
=== RUN   TestPascalCase/cpus
=== RUN   TestPascalCase/pull-backoff-base
--- PASS: TestPascalCase (0.00s)
    --- PASS: TestPascalCase/image (0.00s)
    --- PASS: TestPascalCase/dry-run-format (0.00s)
    --- PASS: TestPascalCase/tty (0.00s)
    --- PASS: TestPascalCase/dns (0.00s)
    --- PASS: TestPascalCase/cpus (0.00s)
    --- PASS: TestPascalCase/pull-backoff-base (0.00s)
=== RUN   TestUnit_Config_FieldInfo_ErrorPaths
=== RUN   TestUnit_Config_FieldInfo_ErrorPaths/missing_registry_info
=== RUN   TestUnit_Config_FieldInfo_ErrorPaths/missing_reflection_fields
--- PASS: TestUnit_Config_FieldInfo_ErrorPaths (0.00s)
    --- PASS: TestUnit_Config_FieldInfo_ErrorPaths/missing_registry_info (0.00s)
    --- PASS: TestUnit_Config_FieldInfo_ErrorPaths/missing_reflection_fields (0.00s)
=== RUN   TestUnit_Config_GetFieldInfo_Exhaustive
=== RUN   TestUnit_Config_GetFieldInfo_Exhaustive/Ptr_set
=== RUN   TestUnit_Config_GetFieldInfo_Exhaustive/Interface_set
=== RUN   TestUnit_Config_GetFieldInfo_Exhaustive/Map_set
=== RUN   TestUnit_Config_GetFieldInfo_Exhaustive/Zero_not_set
=== RUN   TestUnit_Config_GetFieldInfo_Exhaustive/Ptr_nil
=== RUN   TestUnit_Config_GetFieldInfo_Exhaustive/Interface_nil
=== RUN   TestUnit_Config_GetFieldInfo_Exhaustive/Map_nil
--- PASS: TestUnit_Config_GetFieldInfo_Exhaustive (0.00s)
    --- PASS: TestUnit_Config_GetFieldInfo_Exhaustive/Ptr_set (0.00s)
    --- PASS: TestUnit_Config_GetFieldInfo_Exhaustive/Interface_set (0.00s)
    --- PASS: TestUnit_Config_GetFieldInfo_Exhaustive/Map_set (0.00s)
    --- PASS: TestUnit_Config_GetFieldInfo_Exhaustive/Zero_not_set (0.00s)
    --- PASS: TestUnit_Config_GetFieldInfo_Exhaustive/Ptr_nil (0.00s)
    --- PASS: TestUnit_Config_GetFieldInfo_Exhaustive/Interface_nil (0.00s)
    --- PASS: TestUnit_Config_GetFieldInfo_Exhaustive/Map_nil (0.00s)
=== RUN   TestUnit_Config_ResolveWithFS_Coverage
=== RUN   TestUnit_Config_ResolveWithFS_Coverage/registry_mismatch_for_early_boolean_option
=== RUN   TestUnit_Config_ResolveWithFS_Coverage/registry_mismatch_for_string_option_in_phase_2
=== RUN   TestUnit_Config_ResolveWithFS_Coverage/registry_mismatch_validation_with_expression_error
=== RUN   TestUnit_Config_ResolveWithFS_Coverage/registry_mismatch_validation_with_config_expression_error
=== RUN   TestUnit_Config_ResolveWithFS_Coverage/negative_duration_in_tool_config
=== RUN   TestUnit_Config_ResolveWithFS_Coverage/invalid_duration_in_tool_config
=== RUN   TestUnit_Config_ResolveWithFS_Coverage/pull-backoff-base_invalid_in_tool_config
=== RUN   TestUnit_Config_ResolveWithFS_Coverage/pull-backoff-base_zero_in_tool_config
=== RUN   TestUnit_Config_ResolveWithFS_Coverage/memory_invalid_in_tool_config
=== RUN   TestUnit_Config_ResolveWithFS_Coverage/security_validation_failure_for_user
=== RUN   TestUnit_Config_ResolveWithFS_Coverage/security_validation_failure_for_env_key
=== RUN   TestUnit_Config_ResolveWithFS_Coverage/security_validation_failure_for_mounts
=== RUN   TestUnit_Config_ResolveWithFS_Coverage/security_validation_failure_for_devices
=== RUN   TestUnit_Config_ResolveWithFS_Coverage/resolveDevices_fallback_to_global
=== RUN   TestUnit_Config_ResolveWithFS_Coverage/resolveEnv_fallback_to_global
=== RUN   TestUnit_Config_ResolveWithFS_Coverage/resolveDevices_with_empty_segments_in_environment
=== RUN   TestUnit_Config_ResolveWithFS_Coverage/resolveEnv_with_empty_segments_in_environment
=== RUN   TestUnit_Config_ResolveWithFS_Coverage/resolveMounts_fallback_to_global
=== RUN   TestUnit_Config_ResolveWithFS_Coverage/transitive_options:_mount-all-tools
=== RUN   TestUnit_Config_ResolveWithFS_Coverage/transitive_options:_mount-tools
=== RUN   TestUnit_Config_ResolveWithFS_Coverage/RAMInBytes_error_with_sticky_expression_error
=== RUN   TestUnit_Config_ResolveWithFS_Coverage/registry_mismatch_for_missing_CLI_reflection_fields
=== RUN   TestUnit_Config_ResolveWithFS_Coverage/security_validation_failure_for_various_fields
=== RUN   TestUnit_Config_ResolveWithFS_Coverage/security_validation_failure_for_various_fields/network
=== RUN   TestUnit_Config_ResolveWithFS_Coverage/security_validation_failure_for_various_fields/hostname
=== RUN   TestUnit_Config_ResolveWithFS_Coverage/security_validation_failure_for_various_fields/workdir
=== RUN   TestUnit_Config_ResolveWithFS_Coverage/security_validation_failure_for_various_fields/runtime
=== RUN   TestUnit_Config_ResolveWithFS_Coverage/security_validation_failure_for_various_fields/dry-run-format
=== RUN   TestUnit_Config_ResolveWithFS_Coverage/security_validation_failure_for_various_fields/log-level
=== RUN   TestUnit_Config_ResolveWithFS_Coverage/security_validation_failure_for_slice_elements
=== RUN   TestUnit_Config_ResolveWithFS_Coverage/security_validation_failure_for_slice_elements/entrypoint
=== RUN   TestUnit_Config_ResolveWithFS_Coverage/security_validation_failure_for_slice_elements/ports
=== RUN   TestUnit_Config_ResolveWithFS_Coverage/security_validation_failure_for_slice_elements/expose
=== RUN   TestUnit_Config_ResolveWithFS_Coverage/security_validation_failure_for_slice_elements/dns
=== RUN   TestUnit_Config_ResolveWithFS_Coverage/security_validation_failure_for_slice_elements/add-hosts
=== RUN   TestUnit_Config_ResolveWithFS_Coverage/security_validation_failure_for_slice_elements/cap-add
=== RUN   TestUnit_Config_ResolveWithFS_Coverage/security_validation_failure_for_slice_elements/cap-drop
=== RUN   TestUnit_Config_ResolveWithFS_Coverage/invalid_tool_name_in_mount-tools
=== RUN   TestUnit_Config_ResolveWithFS_Coverage/pull-max-retries_non-positive
=== RUN   TestUnit_Config_ResolveWithFS_Coverage/trace_logging
2026-04-27 17:52:02 [TRACE] Resolving configurations for tool: node
2026-04-27 17:52:02 [DEBUG] Resolved Image: alpine
=== RUN   TestUnit_Config_ResolveWithFS_Coverage/security_validation_failure_for_image
=== RUN   TestUnit_Config_ResolveWithFS_Coverage/hang-timeout_invalid_duration
=== RUN   TestUnit_Config_ResolveWithFS_Coverage/pull-backoff-base_invalid_duration
=== RUN   TestUnit_Config_ResolveWithFS_Coverage/pull-backoff-base_non-positive
=== RUN   TestUnit_Config_ResolveWithFS_Coverage/transitive_options:_mount-cderun_and_mount-socket_specified
=== RUN   TestUnit_Config_ResolveWithFS_Coverage/transitive_options:_mount-cderun_overrides_mount-tools
=== RUN   TestUnit_Config_ResolveWithFS_Coverage/transitive_options:_mount-socket_false_explicitly_with_mount-cderun_true
=== RUN   TestUnit_Config_ResolveWithFS_Coverage/registry_mismatch:_only_CLI_image_provided
=== RUN   TestUnit_Config_ResolveWithFS_Coverage/memory_expression_error
=== RUN   TestUnit_Config_ResolveWithFS_Coverage/applyIntOption_with_non-int_field
=== RUN   TestUnit_Config_ResolveWithFS_Coverage/applyFloat64Option_with_non-float_field
=== RUN   TestUnit_Config_ResolveWithFS_Coverage/applyIntOption_p2_non-int
=== RUN   TestUnit_Config_ResolveWithFS_Coverage/applyFloat64Option_p2_non-float
=== RUN   TestUnit_Config_ResolveWithFS_Coverage/applyStringSliceOption_with_non-slice_field
=== RUN   TestUnit_Config_ResolveWithFS_Coverage/applyStringSliceOption_p2_non-slice
=== RUN   TestUnit_Config_ResolveWithFS_Coverage/resolveStandardOptions_registry_mismatch_on_bool_option
--- PASS: TestUnit_Config_ResolveWithFS_Coverage (0.00s)
    --- PASS: TestUnit_Config_ResolveWithFS_Coverage/registry_mismatch_for_early_boolean_option (0.00s)
    --- PASS: TestUnit_Config_ResolveWithFS_Coverage/registry_mismatch_for_string_option_in_phase_2 (0.00s)
    --- PASS: TestUnit_Config_ResolveWithFS_Coverage/registry_mismatch_validation_with_expression_error (0.00s)
    --- PASS: TestUnit_Config_ResolveWithFS_Coverage/registry_mismatch_validation_with_config_expression_error (0.00s)
    --- PASS: TestUnit_Config_ResolveWithFS_Coverage/negative_duration_in_tool_config (0.00s)
    --- PASS: TestUnit_Config_ResolveWithFS_Coverage/invalid_duration_in_tool_config (0.00s)
    --- PASS: TestUnit_Config_ResolveWithFS_Coverage/pull-backoff-base_invalid_in_tool_config (0.00s)
    --- PASS: TestUnit_Config_ResolveWithFS_Coverage/pull-backoff-base_zero_in_tool_config (0.00s)
    --- PASS: TestUnit_Config_ResolveWithFS_Coverage/memory_invalid_in_tool_config (0.00s)
    --- PASS: TestUnit_Config_ResolveWithFS_Coverage/security_validation_failure_for_user (0.00s)
    --- PASS: TestUnit_Config_ResolveWithFS_Coverage/security_validation_failure_for_env_key (0.00s)
    --- PASS: TestUnit_Config_ResolveWithFS_Coverage/security_validation_failure_for_mounts (0.00s)
    --- PASS: TestUnit_Config_ResolveWithFS_Coverage/security_validation_failure_for_devices (0.00s)
    --- PASS: TestUnit_Config_ResolveWithFS_Coverage/resolveDevices_fallback_to_global (0.00s)
    --- PASS: TestUnit_Config_ResolveWithFS_Coverage/resolveEnv_fallback_to_global (0.00s)
    --- PASS: TestUnit_Config_ResolveWithFS_Coverage/resolveDevices_with_empty_segments_in_environment (0.00s)
    --- PASS: TestUnit_Config_ResolveWithFS_Coverage/resolveEnv_with_empty_segments_in_environment (0.00s)
    --- PASS: TestUnit_Config_ResolveWithFS_Coverage/resolveMounts_fallback_to_global (0.00s)
    --- PASS: TestUnit_Config_ResolveWithFS_Coverage/transitive_options:_mount-all-tools (0.00s)
    --- PASS: TestUnit_Config_ResolveWithFS_Coverage/transitive_options:_mount-tools (0.00s)
    --- PASS: TestUnit_Config_ResolveWithFS_Coverage/RAMInBytes_error_with_sticky_expression_error (0.00s)
    --- PASS: TestUnit_Config_ResolveWithFS_Coverage/registry_mismatch_for_missing_CLI_reflection_fields (0.00s)
    --- PASS: TestUnit_Config_ResolveWithFS_Coverage/security_validation_failure_for_various_fields (0.00s)
        --- PASS: TestUnit_Config_ResolveWithFS_Coverage/security_validation_failure_for_various_fields/network (0.00s)
        --- PASS: TestUnit_Config_ResolveWithFS_Coverage/security_validation_failure_for_various_fields/hostname (0.00s)
        --- PASS: TestUnit_Config_ResolveWithFS_Coverage/security_validation_failure_for_various_fields/workdir (0.00s)
        --- PASS: TestUnit_Config_ResolveWithFS_Coverage/security_validation_failure_for_various_fields/runtime (0.00s)
        --- PASS: TestUnit_Config_ResolveWithFS_Coverage/security_validation_failure_for_various_fields/dry-run-format (0.00s)
        --- PASS: TestUnit_Config_ResolveWithFS_Coverage/security_validation_failure_for_various_fields/log-level (0.00s)
    --- PASS: TestUnit_Config_ResolveWithFS_Coverage/security_validation_failure_for_slice_elements (0.00s)
        --- PASS: TestUnit_Config_ResolveWithFS_Coverage/security_validation_failure_for_slice_elements/entrypoint (0.00s)
        --- PASS: TestUnit_Config_ResolveWithFS_Coverage/security_validation_failure_for_slice_elements/ports (0.00s)
        --- PASS: TestUnit_Config_ResolveWithFS_Coverage/security_validation_failure_for_slice_elements/expose (0.00s)
        --- PASS: TestUnit_Config_ResolveWithFS_Coverage/security_validation_failure_for_slice_elements/dns (0.00s)
        --- PASS: TestUnit_Config_ResolveWithFS_Coverage/security_validation_failure_for_slice_elements/add-hosts (0.00s)
        --- PASS: TestUnit_Config_ResolveWithFS_Coverage/security_validation_failure_for_slice_elements/cap-add (0.00s)
        --- PASS: TestUnit_Config_ResolveWithFS_Coverage/security_validation_failure_for_slice_elements/cap-drop (0.00s)
    --- PASS: TestUnit_Config_ResolveWithFS_Coverage/invalid_tool_name_in_mount-tools (0.00s)
    --- PASS: TestUnit_Config_ResolveWithFS_Coverage/pull-max-retries_non-positive (0.00s)
    --- PASS: TestUnit_Config_ResolveWithFS_Coverage/trace_logging (0.00s)
    --- PASS: TestUnit_Config_ResolveWithFS_Coverage/security_validation_failure_for_image (0.00s)
    --- PASS: TestUnit_Config_ResolveWithFS_Coverage/hang-timeout_invalid_duration (0.00s)
    --- PASS: TestUnit_Config_ResolveWithFS_Coverage/pull-backoff-base_invalid_duration (0.00s)
    --- PASS: TestUnit_Config_ResolveWithFS_Coverage/pull-backoff-base_non-positive (0.00s)
    --- PASS: TestUnit_Config_ResolveWithFS_Coverage/transitive_options:_mount-cderun_and_mount-socket_specified (0.00s)
    --- PASS: TestUnit_Config_ResolveWithFS_Coverage/transitive_options:_mount-cderun_overrides_mount-tools (0.00s)
    --- PASS: TestUnit_Config_ResolveWithFS_Coverage/transitive_options:_mount-socket_false_explicitly_with_mount-cderun_true (0.00s)
    --- PASS: TestUnit_Config_ResolveWithFS_Coverage/registry_mismatch:_only_CLI_image_provided (0.00s)
    --- PASS: TestUnit_Config_ResolveWithFS_Coverage/memory_expression_error (0.00s)
    --- PASS: TestUnit_Config_ResolveWithFS_Coverage/applyIntOption_with_non-int_field (0.00s)
    --- PASS: TestUnit_Config_ResolveWithFS_Coverage/applyFloat64Option_with_non-float_field (0.00s)
    --- PASS: TestUnit_Config_ResolveWithFS_Coverage/applyIntOption_p2_non-int (0.00s)
    --- PASS: TestUnit_Config_ResolveWithFS_Coverage/applyFloat64Option_p2_non-float (0.00s)
    --- PASS: TestUnit_Config_ResolveWithFS_Coverage/applyStringSliceOption_with_non-slice_field (0.00s)
    --- PASS: TestUnit_Config_ResolveWithFS_Coverage/applyStringSliceOption_p2_non-slice (0.00s)
    --- PASS: TestUnit_Config_ResolveWithFS_Coverage/resolveStandardOptions_registry_mismatch_on_bool_option (0.00s)
=== RUN   TestUnit_Config_Option_Exhaustive
=== RUN   TestUnit_Config_Option_Exhaustive/resolveStringSliceCommaOpt
=== RUN   TestUnit_Config_Option_Exhaustive/resolveFloat64Opt
=== RUN   TestUnit_Config_Option_Exhaustive/resolveIntOpt
=== RUN   TestUnit_Config_Option_Exhaustive/resolveEnvValues_contains_plaintext
=== RUN   TestUnit_Config_Option_Exhaustive/resolveEnvValues_with_strict_error
=== RUN   TestUnit_Config_Option_Exhaustive/resolveEnvValues_with_expression_error
=== RUN   TestUnit_Config_Option_Exhaustive/negative_hang-timeout_duration
=== RUN   TestUnit_Config_Option_Exhaustive/resolveConfigPath_with_fallback_and_expression
=== RUN   TestUnit_Config_Option_Exhaustive/resolveStringOpt_exhaustive
=== RUN   TestUnit_Config_Option_Exhaustive/resolveStringSliceOpt_exhaustive
--- PASS: TestUnit_Config_Option_Exhaustive (0.00s)
    --- PASS: TestUnit_Config_Option_Exhaustive/resolveStringSliceCommaOpt (0.00s)
    --- PASS: TestUnit_Config_Option_Exhaustive/resolveFloat64Opt (0.00s)
    --- PASS: TestUnit_Config_Option_Exhaustive/resolveIntOpt (0.00s)
    --- PASS: TestUnit_Config_Option_Exhaustive/resolveEnvValues_contains_plaintext (0.00s)
    --- PASS: TestUnit_Config_Option_Exhaustive/resolveEnvValues_with_strict_error (0.00s)
    --- PASS: TestUnit_Config_Option_Exhaustive/resolveEnvValues_with_expression_error (0.00s)
    --- PASS: TestUnit_Config_Option_Exhaustive/negative_hang-timeout_duration (0.00s)
    --- PASS: TestUnit_Config_Option_Exhaustive/resolveConfigPath_with_fallback_and_expression (0.00s)
    --- PASS: TestUnit_Config_Option_Exhaustive/resolveStringOpt_exhaustive (0.00s)
    --- PASS: TestUnit_Config_Option_Exhaustive/resolveStringSliceOpt_exhaustive (0.00s)
=== RUN   TestUnit_Resolver_Priority_AllLayers
=== PAUSE TestUnit_Resolver_Priority_AllLayers
=== RUN   TestUnit_Resolver_AutoDetection
=== PAUSE TestUnit_Resolver_AutoDetection
=== RUN   TestUnit_Resolver_Mounts_Exhaustive
=== PAUSE TestUnit_Resolver_Mounts_Exhaustive
=== RUN   TestUnit_Resolver_Env_Exhaustive
=== PAUSE TestUnit_Resolver_Env_Exhaustive
=== RUN   TestUnit_Resolver_Devices_Advanced
=== PAUSE TestUnit_Resolver_Devices_Advanced
=== RUN   TestUnit_Resolver_Misc_Exhaustive
=== PAUSE TestUnit_Resolver_Misc_Exhaustive
=== RUN   TestUnit_Resolver_Expressions_Exhaustive
=== PAUSE TestUnit_Resolver_Expressions_Exhaustive
=== RUN   TestUnit_Resolver_Exhaustive_Additional
=== PAUSE TestUnit_Resolver_Exhaustive_Additional
=== RUN   TestUnit_Resolver_Exhaustive_Advanced
=== PAUSE TestUnit_Resolver_Exhaustive_Advanced
=== RUN   TestUnit_Resolver_Optional_Mounts
=== PAUSE TestUnit_Resolver_Optional_Mounts
=== RUN   TestUnit_Resolver_Optional_Mount_With_Expression
=== PAUSE TestUnit_Resolver_Optional_Mount_With_Expression
=== RUN   TestUnit_Resolver_ValidateImageRegistryMatch
=== PAUSE TestUnit_Resolver_ValidateImageRegistryMatch
=== RUN   TestUnit_Resolver_ResolveWithFS_RegistryMismatch
=== PAUSE TestUnit_Resolver_ResolveWithFS_RegistryMismatch
=== RUN   TestScenario_Config_WrapperMode
=== RUN   TestScenario_Config_WrapperMode/P1_override_in_Wrapper_Mode
=== RUN   TestScenario_Config_WrapperMode/P2_override_in_Wrapper_Mode
=== RUN   TestScenario_Config_WrapperMode/P1_and_P2_both_present:_P1_wins
--- PASS: TestScenario_Config_WrapperMode (0.00s)
    --- PASS: TestScenario_Config_WrapperMode/P1_override_in_Wrapper_Mode (0.00s)
    --- PASS: TestScenario_Config_WrapperMode/P2_override_in_Wrapper_Mode (0.00s)
    --- PASS: TestScenario_Config_WrapperMode/P1_and_P2_both_present:_P1_wins (0.00s)
=== RUN   TestScenario_Config_SymlinkMode
=== RUN   TestScenario_Config_SymlinkMode/Only_P1_overrides_in_Symlink_Mode_(simulated)
=== RUN   TestScenario_Config_SymlinkMode/Tool_config_default_used_if_no_cderun_flag
--- PASS: TestScenario_Config_SymlinkMode (0.00s)
    --- PASS: TestScenario_Config_SymlinkMode/Only_P1_overrides_in_Symlink_Mode_(simulated) (0.00s)
    --- PASS: TestScenario_Config_SymlinkMode/Tool_config_default_used_if_no_cderun_flag (0.00s)
=== RUN   TestUnit_Config_TransitiveOptions_Exhaustive
=== PAUSE TestUnit_Config_TransitiveOptions_Exhaustive
=== CONT  TestScenario_ConfigResolution_ComplexOverrides
=== CONT  TestUnit_Resolver_ValidateImageRegistryMatch
=== CONT  TestUnit_Resolver_Optional_Mounts
=== RUN   TestScenario_ConfigResolution_ComplexOverrides/P1_through_P5_priority_with_complex_expressions
=== RUN   TestUnit_Resolver_ValidateImageRegistryMatch/exact_match
=== RUN   TestUnit_Resolver_ValidateImageRegistryMatch/with_registry_match
=== RUN   TestUnit_Resolver_ValidateImageRegistryMatch/implicit_library_match
=== CONT  TestUnit_Resolver_Optional_Mount_With_Expression
=== RUN   TestUnit_Resolver_Optional_Mount_With_Expression/Resolve_source_with_HostContext_correctly
--- PASS: TestScenario_ConfigResolution_ComplexOverrides (0.00s)
    --- PASS: TestScenario_ConfigResolution_ComplexOverrides/P1_through_P5_priority_with_complex_expressions (0.00s)
=== CONT  TestUnit_Resolver_ResolveWithFS_RegistryMismatch
=== RUN   TestUnit_Resolver_Optional_Mounts/Skip_optional_mount_when_source_is_missing
=== RUN   TestUnit_Resolver_ResolveWithFS_RegistryMismatch/mismatch_from_CLI
=== RUN   TestUnit_Resolver_ValidateImageRegistryMatch/explicit_host_library_match
=== RUN   TestUnit_Resolver_Optional_Mount_With_Expression/Skip_when_source_resolved_via_HostContext_is_missing
=== RUN   TestUnit_Resolver_ValidateImageRegistryMatch/explicit_host_match
=== RUN   TestUnit_Resolver_Optional_Mount_With_Expression/Error_when_Stat_fails_with_non-NotExist_error
=== RUN   TestUnit_Resolver_ResolveWithFS_RegistryMismatch/mismatch_from_Env
=== RUN   TestUnit_Resolver_Optional_Mounts/Keep_optional_mount_when_source_exists
--- PASS: TestUnit_Resolver_Optional_Mount_With_Expression (0.00s)
    --- PASS: TestUnit_Resolver_Optional_Mount_With_Expression/Resolve_source_with_HostContext_correctly (0.00s)
    --- PASS: TestUnit_Resolver_Optional_Mount_With_Expression/Skip_when_source_resolved_via_HostContext_is_missing (0.00s)
    --- PASS: TestUnit_Resolver_Optional_Mount_With_Expression/Error_when_Stat_fails_with_non-NotExist_error (0.00s)
=== CONT  TestUnit_Config_TransitiveOptions_Exhaustive
=== RUN   TestUnit_Resolver_ResolveWithFS_RegistryMismatch/match_from_CLI
=== RUN   TestUnit_Config_TransitiveOptions_Exhaustive/mount-tools_enables_mount-cderun_and_mount-socket
=== RUN   TestUnit_Resolver_ValidateImageRegistryMatch/mismatch_host
=== RUN   TestUnit_Resolver_ResolveWithFS_RegistryMismatch/templated_config_match
=== RUN   TestUnit_Config_TransitiveOptions_Exhaustive/mount-all-tools_enables_mount-cderun_and_mount-socket
=== RUN   TestUnit_Resolver_Optional_Mounts/Non-optional_mount_remains_even_if_source_is_missing_(handled_by_runtime)
=== RUN   TestUnit_Config_TransitiveOptions_Exhaustive/mount-cderun_enables_mount-socket_but_not_tools
=== CONT  TestIntegration_Config_Load_MockFS
=== RUN   TestUnit_Resolver_ValidateImageRegistryMatch/mismatch_repo
=== CONT  TestIntegration_Config_Merge_Hierarchical
=== RUN   TestIntegration_Config_Merge_Hierarchical/CDERunConfig_Merge
--- PASS: TestUnit_Resolver_ResolveWithFS_RegistryMismatch (0.00s)
    --- PASS: TestUnit_Resolver_ResolveWithFS_RegistryMismatch/mismatch_from_CLI (0.00s)
    --- PASS: TestUnit_Resolver_ResolveWithFS_RegistryMismatch/mismatch_from_Env (0.00s)
    --- PASS: TestUnit_Resolver_ResolveWithFS_RegistryMismatch/match_from_CLI (0.00s)
    --- PASS: TestUnit_Resolver_ResolveWithFS_RegistryMismatch/templated_config_match (0.00s)
=== RUN   TestUnit_Config_TransitiveOptions_Exhaustive/explicit_mount-cderun=false_overrides_mount-tools_trigger
--- PASS: TestUnit_Resolver_Optional_Mounts (0.00s)
    --- PASS: TestUnit_Resolver_Optional_Mounts/Skip_optional_mount_when_source_is_missing (0.00s)
    --- PASS: TestUnit_Resolver_Optional_Mounts/Keep_optional_mount_when_source_exists (0.00s)
    --- PASS: TestUnit_Resolver_Optional_Mounts/Non-optional_mount_remains_even_if_source_is_missing_(handled_by_runtime) (0.00s)
=== CONT  TestUnit_Config_ValidateSecurity_EdgeCases
=== RUN   TestUnit_Config_TransitiveOptions_Exhaustive/explicit_mount-socket=false_overrides_mount-cderun_trigger
=== RUN   TestIntegration_Config_Merge_Hierarchical/ToolsConfig_Merge
=== RUN   TestUnit_Resolver_ValidateImageRegistryMatch/custom_registry_match
=== RUN   TestUnit_Config_ValidateSecurity_EdgeCases/socket-path_with_control_char
=== PAUSE TestUnit_Config_ValidateSecurity_EdgeCases/socket-path_with_control_char
--- PASS: TestIntegration_Config_Load_MockFS (0.00s)
=== RUN   TestUnit_Config_TransitiveOptions_Exhaustive/transitive_triggers_from_Env
=== RUN   TestUnit_Config_ValidateSecurity_EdgeCases/mount-socket-path_with_control_char
=== PAUSE TestUnit_Config_ValidateSecurity_EdgeCases/mount-socket-path_with_control_char
=== RUN   TestUnit_Config_ValidateSecurity_EdgeCases/mount-cderun-path_with_control_char
=== PAUSE TestUnit_Config_ValidateSecurity_EdgeCases/mount-cderun-path_with_control_char
=== RUN   TestUnit_Config_ValidateSecurity_EdgeCases/invalid_user_format_(too_many_colons)
=== PAUSE TestUnit_Config_ValidateSecurity_EdgeCases/invalid_user_format_(too_many_colons)
=== RUN   TestUnit_Config_TransitiveOptions_Exhaustive/transitive_triggers_from_Global_Config
=== RUN   TestUnit_Config_ValidateSecurity_EdgeCases/invalid_user_identifier_(illegal_char)
=== PAUSE TestUnit_Config_ValidateSecurity_EdgeCases/invalid_user_identifier_(illegal_char)
=== RUN   TestUnit_Config_ValidateSecurity_EdgeCases/unsupported_runtime
=== PAUSE TestUnit_Config_ValidateSecurity_EdgeCases/unsupported_runtime
=== RUN   TestUnit_Resolver_ValidateImageRegistryMatch/custom_registry_mismatch
=== RUN   TestUnit_Config_TransitiveOptions_Exhaustive/transitive_triggers_from_Tool_Config
=== RUN   TestUnit_Config_ValidateSecurity_EdgeCases/unsupported_log_level
=== PAUSE TestUnit_Config_ValidateSecurity_EdgeCases/unsupported_log_level
=== RUN   TestUnit_Config_TransitiveOptions_Exhaustive/complex_override:_P4_Tool_enables_mount-tools,_but_P2_CLI_disables_mount-cderun
=== RUN   TestUnit_Config_ValidateSecurity_EdgeCases/unsupported_log_format
=== PAUSE TestUnit_Config_ValidateSecurity_EdgeCases/unsupported_log_format
=== RUN   TestUnit_Resolver_ValidateImageRegistryMatch/ghcr_match
=== RUN   TestUnit_Config_ValidateSecurity_EdgeCases/unsupported_dry-run_format
=== PAUSE TestUnit_Config_ValidateSecurity_EdgeCases/unsupported_dry-run_format
=== CONT  TestUnit_Config_Errors_Coverage
=== RUN   TestUnit_Config_Errors_Coverage/RegistryMismatchError
=== RUN   TestUnit_Config_ValidateSecurity_EdgeCases/unsupported_diagnosis_format
=== PAUSE TestUnit_Config_ValidateSecurity_EdgeCases/unsupported_diagnosis_format
=== RUN   TestUnit_Config_ValidateSecurity_EdgeCases/hostname_too_long
=== PAUSE TestUnit_Config_ValidateSecurity_EdgeCases/hostname_too_long
=== RUN   TestUnit_Config_ValidateSecurity_EdgeCases/invalid_hostname_(starts_with_hyphen)
=== PAUSE TestUnit_Config_ValidateSecurity_EdgeCases/invalid_hostname_(starts_with_hyphen)
=== RUN   TestUnit_Config_ValidateSecurity_EdgeCases/invalid_network_name_(illegal_char)
=== PAUSE TestUnit_Config_ValidateSecurity_EdgeCases/invalid_network_name_(illegal_char)
=== RUN   TestUnit_Config_ValidateSecurity_EdgeCases/invalid_port_mapping_(illegal_char)
=== PAUSE TestUnit_Config_ValidateSecurity_EdgeCases/invalid_port_mapping_(illegal_char)
=== RUN   TestUnit_Config_ValidateSecurity_EdgeCases/invalid_expose_port_(invalid_protocol)
=== PAUSE TestUnit_Config_ValidateSecurity_EdgeCases/invalid_expose_port_(invalid_protocol)
=== RUN   TestUnit_Config_ValidateSecurity_EdgeCases/invalid_expose_port_range_(non-numeric)
=== PAUSE TestUnit_Config_ValidateSecurity_EdgeCases/invalid_expose_port_range_(non-numeric)
--- PASS: TestIntegration_Config_Merge_Hierarchical (0.00s)
    --- PASS: TestIntegration_Config_Merge_Hierarchical/CDERunConfig_Merge (0.00s)
    --- PASS: TestIntegration_Config_Merge_Hierarchical/ToolsConfig_Merge (0.00s)
=== RUN   TestUnit_Config_TransitiveOptions_Exhaustive/complex_override:_P3_Env_enables_mount-all-tools,_but_P5_Global_disables_mount-socket
=== CONT  TestUnit_Resolver_Exhaustive_Advanced
=== RUN   TestUnit_Resolver_Exhaustive_Advanced/MountTools_resolution
--- PASS: TestUnit_Config_TransitiveOptions_Exhaustive (0.00s)
    --- PASS: TestUnit_Config_TransitiveOptions_Exhaustive/mount-tools_enables_mount-cderun_and_mount-socket (0.00s)
    --- PASS: TestUnit_Config_TransitiveOptions_Exhaustive/mount-all-tools_enables_mount-cderun_and_mount-socket (0.00s)
    --- PASS: TestUnit_Config_TransitiveOptions_Exhaustive/mount-cderun_enables_mount-socket_but_not_tools (0.00s)
    --- PASS: TestUnit_Config_TransitiveOptions_Exhaustive/explicit_mount-cderun=false_overrides_mount-tools_trigger (0.00s)
    --- PASS: TestUnit_Config_TransitiveOptions_Exhaustive/explicit_mount-socket=false_overrides_mount-cderun_trigger (0.00s)
    --- PASS: TestUnit_Config_TransitiveOptions_Exhaustive/transitive_triggers_from_Env (0.00s)
    --- PASS: TestUnit_Config_TransitiveOptions_Exhaustive/transitive_triggers_from_Global_Config (0.00s)
    --- PASS: TestUnit_Config_TransitiveOptions_Exhaustive/transitive_triggers_from_Tool_Config (0.00s)
    --- PASS: TestUnit_Config_TransitiveOptions_Exhaustive/complex_override:_P4_Tool_enables_mount-tools,_but_P2_CLI_disables_mount-cderun (0.00s)
    --- PASS: TestUnit_Config_TransitiveOptions_Exhaustive/complex_override:_P3_Env_enables_mount-all-tools,_but_P5_Global_disables_mount-socket (0.00s)
=== RUN   TestUnit_Resolver_ValidateImageRegistryMatch/localhost_match
=== CONT  TestUnit_Config_Resolver_More_Coverage
=== RUN   TestUnit_Config_Resolver_More_Coverage/resolveMounts_with_expressions
=== RUN   TestUnit_Resolver_ValidateImageRegistryMatch/nested_repo_match
=== RUN   TestUnit_Resolver_Exhaustive_Advanced/Log_settings_resolution
=== RUN   TestUnit_Resolver_ValidateImageRegistryMatch/one_side_empty
=== RUN   TestUnit_Resolver_Exhaustive_Advanced/resolveDevices_from_environment
=== RUN   TestUnit_Config_Resolver_More_Coverage/resolveConfigPath_volume_with_fallback
=== RUN   TestUnit_Resolver_Exhaustive_Advanced/resolveDevices_invalid_format_in_CDERUN_DEVICE
=== RUN   TestUnit_Resolver_ValidateImageRegistryMatch/other_side_empty
=== RUN   TestUnit_Config_Errors_Coverage/ImageNotFoundError
--- PASS: TestUnit_Resolver_ValidateImageRegistryMatch (0.00s)
    --- PASS: TestUnit_Resolver_ValidateImageRegistryMatch/exact_match (0.00s)
    --- PASS: TestUnit_Resolver_ValidateImageRegistryMatch/with_registry_match (0.00s)
    --- PASS: TestUnit_Resolver_ValidateImageRegistryMatch/implicit_library_match (0.00s)
    --- PASS: TestUnit_Resolver_ValidateImageRegistryMatch/explicit_host_library_match (0.00s)
    --- PASS: TestUnit_Resolver_ValidateImageRegistryMatch/explicit_host_match (0.00s)
    --- PASS: TestUnit_Resolver_ValidateImageRegistryMatch/mismatch_host (0.00s)
    --- PASS: TestUnit_Resolver_ValidateImageRegistryMatch/mismatch_repo (0.00s)
    --- PASS: TestUnit_Resolver_ValidateImageRegistryMatch/custom_registry_match (0.00s)
    --- PASS: TestUnit_Resolver_ValidateImageRegistryMatch/custom_registry_mismatch (0.00s)
    --- PASS: TestUnit_Resolver_ValidateImageRegistryMatch/ghcr_match (0.00s)
    --- PASS: TestUnit_Resolver_ValidateImageRegistryMatch/localhost_match (0.00s)
    --- PASS: TestUnit_Resolver_ValidateImageRegistryMatch/nested_repo_match (0.00s)
    --- PASS: TestUnit_Resolver_ValidateImageRegistryMatch/one_side_empty (0.00s)
    --- PASS: TestUnit_Resolver_ValidateImageRegistryMatch/other_side_empty (0.00s)
=== RUN   TestUnit_Config_Errors_Coverage/RuntimeInitError
=== RUN   TestUnit_Resolver_Exhaustive_Advanced/resolveMounts_from_environment
=== RUN   TestUnit_Config_Errors_Coverage/InvalidConfigError
=== CONT  TestUnit_Resolver_Exhaustive_Additional
--- PASS: TestUnit_Config_Errors_Coverage (0.00s)
    --- PASS: TestUnit_Config_Errors_Coverage/RegistryMismatchError (0.00s)
    --- PASS: TestUnit_Config_Errors_Coverage/ImageNotFoundError (0.00s)
    --- PASS: TestUnit_Config_Errors_Coverage/RuntimeInitError (0.00s)
    --- PASS: TestUnit_Config_Errors_Coverage/InvalidConfigError (0.00s)
=== CONT  TestUnit_Config_Resolver_Errors_Exhaustive
=== RUN   TestUnit_Resolver_Exhaustive_Additional/Diagnosis_mode_bypasses_image_check
=== RUN   TestUnit_Config_Resolver_Errors_Exhaustive/resolveDevices_invalid_format
=== RUN   TestUnit_Config_Resolver_Errors_Exhaustive/resolveMounts_invalid_format
=== RUN   TestUnit_Resolver_Exhaustive_Advanced/resolveMounts_invalid_format_in_CDERUN_MOUNT
=== RUN   TestUnit_Config_Resolver_More_Coverage/resolveConfigPath_device_with_fallback
=== RUN   TestUnit_Config_Resolver_Errors_Exhaustive/resolveEnvValues_expression_error
=== RUN   TestUnit_Resolver_Exhaustive_Advanced/resolveConfigPath_from_CDERUN_SOCKET_PATH
=== RUN   TestUnit_Resolver_Exhaustive_Additional/Transitive_auto-enablement_cderun_to_socket
--- PASS: TestUnit_Config_Resolver_More_Coverage (0.00s)
    --- PASS: TestUnit_Config_Resolver_More_Coverage/resolveMounts_with_expressions (0.00s)
    --- PASS: TestUnit_Config_Resolver_More_Coverage/resolveConfigPath_volume_with_fallback (0.00s)
    --- PASS: TestUnit_Config_Resolver_More_Coverage/resolveConfigPath_device_with_fallback (0.00s)
=== CONT  TestUnit_Resolver_Expressions_Exhaustive
=== RUN   TestUnit_Resolver_Exhaustive_Advanced/resolveConfigPath_from_global_config
=== RUN   TestUnit_Resolver_Expressions_Exhaustive/Expression_in_environment_variable_override
=== RUN   TestUnit_Config_Resolver_Errors_Exhaustive/resolveFloat64Opt_invalid
=== RUN   TestUnit_Config_Resolver_Errors_Exhaustive/resolveConfigPath_volume_resolution
=== RUN   TestUnit_Resolver_Exhaustive_Advanced/Auto-detection_exhaustive
--- PASS: TestUnit_Resolver_Expressions_Exhaustive (0.00s)
    --- PASS: TestUnit_Resolver_Expressions_Exhaustive/Expression_in_environment_variable_override (0.00s)
=== RUN   TestUnit_Resolver_Exhaustive_Additional/Float64_resolution
=== CONT  TestUnit_Config_Resolver_Devices_More
=== RUN   TestUnit_Config_Resolver_Errors_Exhaustive/resolveConfigPath_device_resolution
=== RUN   TestUnit_Config_Resolver_Devices_More/Resolve_empty_devices
--- PASS: TestUnit_Config_Resolver_Devices_More (0.00s)
    --- PASS: TestUnit_Config_Resolver_Devices_More/Resolve_empty_devices (0.00s)
--- PASS: TestUnit_Config_Resolver_Errors_Exhaustive (0.00s)
    --- PASS: TestUnit_Config_Resolver_Errors_Exhaustive/resolveDevices_invalid_format (0.00s)
    --- PASS: TestUnit_Config_Resolver_Errors_Exhaustive/resolveMounts_invalid_format (0.00s)
    --- PASS: TestUnit_Config_Resolver_Errors_Exhaustive/resolveEnvValues_expression_error (0.00s)
    --- PASS: TestUnit_Config_Resolver_Errors_Exhaustive/resolveFloat64Opt_invalid (0.00s)
    --- PASS: TestUnit_Config_Resolver_Errors_Exhaustive/resolveConfigPath_volume_resolution (0.00s)
    --- PASS: TestUnit_Config_Resolver_Errors_Exhaustive/resolveConfigPath_device_resolution (0.00s)
=== CONT  TestUnit_Resolver_Misc_Exhaustive
=== CONT  TestUnit_Config_Resolver_Env_Deduplication
=== RUN   TestUnit_Resolver_Misc_Exhaustive/HangTimeout_parsing
--- PASS: TestUnit_Config_Resolver_Env_Deduplication (0.00s)
=== RUN   TestUnit_Resolver_Exhaustive_Additional/String_slice_with_comma_resolution
=== CONT  TestUnit_Resolver_Devices_Advanced
=== RUN   TestUnit_Resolver_Devices_Advanced/Device_resolution_priority
=== RUN   TestUnit_Resolver_Exhaustive_Advanced/Resolve_coverage_final
=== RUN   TestUnit_Resolver_Exhaustive_Advanced/Resolve_errors
=== RUN   TestUnit_Resolver_Misc_Exhaustive/Memory_string_parsing
--- PASS: TestUnit_Resolver_Exhaustive_Additional (0.00s)
    --- PASS: TestUnit_Resolver_Exhaustive_Additional/Diagnosis_mode_bypasses_image_check (0.00s)
    --- PASS: TestUnit_Resolver_Exhaustive_Additional/Transitive_auto-enablement_cderun_to_socket (0.00s)
    --- PASS: TestUnit_Resolver_Exhaustive_Additional/Float64_resolution (0.00s)
    --- PASS: TestUnit_Resolver_Exhaustive_Additional/String_slice_with_comma_resolution (0.00s)
=== CONT  TestUnit_Config_Path_DeepCopy_Exhaustive
--- PASS: TestUnit_Resolver_Misc_Exhaustive (0.00s)
    --- PASS: TestUnit_Resolver_Misc_Exhaustive/HangTimeout_parsing (0.00s)
    --- PASS: TestUnit_Resolver_Misc_Exhaustive/Memory_string_parsing (0.00s)
=== CONT  TestUnit_Resolver_Env_Exhaustive
=== RUN   TestUnit_Resolver_Env_Exhaustive/Env_resolution_from_all_layers
--- PASS: TestUnit_Config_Path_DeepCopy_Exhaustive (0.00s)
=== CONT  TestUnit_Config_Path_Exhaustive_Coverage
=== RUN   TestUnit_Config_Path_Exhaustive_Coverage/ResolveVolume_with_host_remainder
=== RUN   TestUnit_Resolver_Env_Exhaustive/Strict_mode_env_validation
=== RUN   TestUnit_Config_Path_Exhaustive_Coverage/ResolveDevice_with_host_remainder
--- PASS: TestUnit_Resolver_Devices_Advanced (0.00s)
    --- PASS: TestUnit_Resolver_Devices_Advanced/Device_resolution_priority (0.00s)
=== CONT  TestUnit_Config_Resolver_Exhaustive_Coverage
=== RUN   TestUnit_Config_Resolver_Exhaustive_Coverage/resolveStringSliceCommaOpt
--- PASS: TestUnit_Config_Path_Exhaustive_Coverage (0.00s)
    --- PASS: TestUnit_Config_Path_Exhaustive_Coverage/ResolveVolume_with_host_remainder (0.00s)
    --- PASS: TestUnit_Config_Path_Exhaustive_Coverage/ResolveDevice_with_host_remainder (0.00s)
=== RUN   TestUnit_Resolver_Env_Exhaustive/Env_from_environment_with_empty_segments_and_extra_spaces
=== CONT  TestUnit_Config_MockFS_LookupEnv
--- PASS: TestUnit_Config_MockFS_LookupEnv (0.00s)
=== CONT  TestUnit_Resolver_Mounts_Exhaustive
=== RUN   TestUnit_Resolver_Mounts_Exhaustive/Multiple_mounts_from_environment
=== RUN   TestUnit_Resolver_Exhaustive_Advanced/PullMaxRetries_and_PullBackoffBase_errors
--- PASS: TestUnit_Resolver_Env_Exhaustive (0.00s)
    --- PASS: TestUnit_Resolver_Env_Exhaustive/Env_resolution_from_all_layers (0.00s)
    --- PASS: TestUnit_Resolver_Env_Exhaustive/Strict_mode_env_validation (0.00s)
    --- PASS: TestUnit_Resolver_Env_Exhaustive/Env_from_environment_with_empty_segments_and_extra_spaces (0.00s)
=== RUN   TestUnit_Config_Resolver_Exhaustive_Coverage/resolveFloat64Opt
=== CONT  TestUnit_Config_MockFS_FileDetails
--- PASS: TestUnit_Config_MockFS_FileDetails (0.00s)
=== CONT  TestUnit_Resolver_AutoDetection
=== RUN   TestUnit_Resolver_Mounts_Exhaustive/Mounts_from_environment_with_empty_segments_and_extra_spaces
=== RUN   TestUnit_Resolver_AutoDetection/Infer_runtime_from_socket_path
=== RUN   TestUnit_Resolver_Exhaustive_Advanced/Memory_and_Expression_errors
=== RUN   TestUnit_Config_Resolver_Exhaustive_Coverage/resolveEnvValues_with_strict_error
--- PASS: TestUnit_Resolver_Mounts_Exhaustive (0.00s)
    --- PASS: TestUnit_Resolver_Mounts_Exhaustive/Multiple_mounts_from_environment (0.00s)
    --- PASS: TestUnit_Resolver_Mounts_Exhaustive/Mounts_from_environment_with_empty_segments_and_extra_spaces (0.00s)
=== CONT  TestUnit_Config_ConfigLoader_Exhaustive
=== RUN   TestUnit_Config_ConfigLoader_Exhaustive/LoadToolsConfig_success
=== RUN   TestUnit_Config_Resolver_Exhaustive_Coverage/resolveConfigPath_with_fallback_and_expression
=== RUN   TestUnit_Resolver_AutoDetection/Default_socket_for_runtime
--- PASS: TestUnit_Resolver_Exhaustive_Advanced (0.00s)
    --- PASS: TestUnit_Resolver_Exhaustive_Advanced/MountTools_resolution (0.00s)
    --- PASS: TestUnit_Resolver_Exhaustive_Advanced/Log_settings_resolution (0.00s)
    --- PASS: TestUnit_Resolver_Exhaustive_Advanced/resolveDevices_from_environment (0.00s)
    --- PASS: TestUnit_Resolver_Exhaustive_Advanced/resolveDevices_invalid_format_in_CDERUN_DEVICE (0.00s)
    --- PASS: TestUnit_Resolver_Exhaustive_Advanced/resolveMounts_from_environment (0.00s)
    --- PASS: TestUnit_Resolver_Exhaustive_Advanced/resolveMounts_invalid_format_in_CDERUN_MOUNT (0.00s)
    --- PASS: TestUnit_Resolver_Exhaustive_Advanced/resolveConfigPath_from_CDERUN_SOCKET_PATH (0.00s)
    --- PASS: TestUnit_Resolver_Exhaustive_Advanced/resolveConfigPath_from_global_config (0.00s)
    --- PASS: TestUnit_Resolver_Exhaustive_Advanced/Auto-detection_exhaustive (0.00s)
    --- PASS: TestUnit_Resolver_Exhaustive_Advanced/Resolve_coverage_final (0.00s)
    --- PASS: TestUnit_Resolver_Exhaustive_Advanced/Resolve_errors (0.00s)
    --- PASS: TestUnit_Resolver_Exhaustive_Advanced/PullMaxRetries_and_PullBackoffBase_errors (0.00s)
    --- PASS: TestUnit_Resolver_Exhaustive_Advanced/Memory_and_Expression_errors (0.00s)
=== CONT  TestUnit_Resolver_Priority_AllLayers
=== RUN   TestUnit_Resolver_Priority_AllLayers/P1_Override_takes_priority_over_P2_CLI
--- PASS: TestUnit_Config_Resolver_Exhaustive_Coverage (0.00s)
    --- PASS: TestUnit_Config_Resolver_Exhaustive_Coverage/resolveStringSliceCommaOpt (0.00s)
    --- PASS: TestUnit_Config_Resolver_Exhaustive_Coverage/resolveFloat64Opt (0.00s)
    --- PASS: TestUnit_Config_Resolver_Exhaustive_Coverage/resolveEnvValues_with_strict_error (0.00s)
    --- PASS: TestUnit_Config_Resolver_Exhaustive_Coverage/resolveConfigPath_with_fallback_and_expression (0.00s)
=== CONT  TestUnit_Config_Expression_Resolve_Exhaustive
--- PASS: TestUnit_Resolver_AutoDetection (0.00s)
    --- PASS: TestUnit_Resolver_AutoDetection/Infer_runtime_from_socket_path (0.00s)
    --- PASS: TestUnit_Resolver_AutoDetection/Default_socket_for_runtime (0.00s)
=== RUN   TestUnit_Config_Expression_Resolve_Exhaustive/Resolve_slice
=== CONT  TestUnit_Config_ResolveWithFS_SecurityValidation
=== RUN   TestUnit_Config_ResolveWithFS_SecurityValidation/Invalid_control_char_in_LogFormat
=== RUN   TestUnit_Config_ConfigLoader_Exhaustive/LoadCDERunConfig_from_path_with_tilde
=== PAUSE TestUnit_Config_ResolveWithFS_SecurityValidation/Invalid_control_char_in_LogFormat
=== RUN   TestUnit_Config_Expression_Resolve_Exhaustive/Resolve_map
=== RUN   TestUnit_Config_ResolveWithFS_SecurityValidation/Invalid_control_char_in_Env_key
=== PAUSE TestUnit_Config_ResolveWithFS_SecurityValidation/Invalid_control_char_in_Env_key
=== RUN   TestUnit_Config_ResolveWithFS_SecurityValidation/Multiline_Env_value_(PEM)_is_allowed
=== RUN   TestUnit_Config_Expression_Resolve_Exhaustive/Resolve_other
=== PAUSE TestUnit_Config_ResolveWithFS_SecurityValidation/Multiline_Env_value_(PEM)_is_allowed
--- PASS: TestUnit_Config_ConfigLoader_Exhaustive (0.00s)
    --- PASS: TestUnit_Config_ConfigLoader_Exhaustive/LoadToolsConfig_success (0.00s)
    --- PASS: TestUnit_Config_ConfigLoader_Exhaustive/LoadCDERunConfig_from_path_with_tilde (0.00s)
=== RUN   TestUnit_Config_ResolveWithFS_SecurityValidation/Invalid_control_char_in_Ports_element
--- PASS: TestUnit_Config_Expression_Resolve_Exhaustive (0.00s)
    --- PASS: TestUnit_Config_Expression_Resolve_Exhaustive/Resolve_slice (0.00s)
    --- PASS: TestUnit_Config_Expression_Resolve_Exhaustive/Resolve_map (0.00s)
    --- PASS: TestUnit_Config_Expression_Resolve_Exhaustive/Resolve_other (0.00s)
=== CONT  TestUnit_Config_LoadFromPath_Direct
=== CONT  TestUnit_Config_SetBaseDir_Exhaustive
--- PASS: TestUnit_Config_SetBaseDir_Exhaustive (0.00s)
=== CONT  TestUnit_Config_Device_AbsoluteDestination
=== RUN   TestUnit_Config_Device_AbsoluteDestination/absolute_destination_is_accepted
--- PASS: TestUnit_Config_LoadFromPath_Direct (0.00s)
=== CONT  TestScenario_Expression_EnvResolution
--- PASS: TestScenario_Expression_EnvResolution (0.00s)
=== RUN   TestUnit_Config_Device_AbsoluteDestination/relative_destination_is_rejected
=== PAUSE TestUnit_Config_ResolveWithFS_SecurityValidation/Invalid_control_char_in_Ports_element
=== RUN   TestUnit_Config_ResolveWithFS_SecurityValidation/Invalid_ImageName_in_ResolveWithFS
=== PAUSE TestUnit_Config_ResolveWithFS_SecurityValidation/Invalid_ImageName_in_ResolveWithFS
--- PASS: TestUnit_Config_Device_AbsoluteDestination (0.00s)
    --- PASS: TestUnit_Config_Device_AbsoluteDestination/absolute_destination_is_accepted (0.00s)
    --- PASS: TestUnit_Config_Device_AbsoluteDestination/relative_destination_is_rejected (0.00s)
=== RUN   TestUnit_Resolver_Priority_AllLayers/P2_CLI_takes_priority_over_P3_Env
=== CONT  TestUnit_Config_Mount_AbsoluteTarget
=== RUN   TestUnit_Config_Mount_AbsoluteTarget/absolute_target_is_accepted
=== RUN   TestUnit_Config_Mount_AbsoluteTarget/relative_target_is_rejected
=== RUN   TestUnit_Resolver_Priority_AllLayers/P3_Env_takes_priority_over_P4_Tool
--- PASS: TestUnit_Config_Mount_AbsoluteTarget (0.00s)
    --- PASS: TestUnit_Config_Mount_AbsoluteTarget/absolute_target_is_accepted (0.00s)
    --- PASS: TestUnit_Config_Mount_AbsoluteTarget/relative_target_is_rejected (0.00s)
=== CONT  TestUnit_Config_Path_ParseDeviceConfig_Exhaustive
=== RUN   TestUnit_Config_Path_ParseDeviceConfig_Exhaustive/valid_with_perms
=== CONT  TestScenario_ConfigResolution_NestedOverrides
=== RUN   TestUnit_Resolver_Priority_AllLayers/P4_Tool_takes_priority_over_P5_Global
=== RUN   TestScenario_ConfigResolution_NestedOverrides/Nested_tool_config_overrides_global_defaults
=== RUN   TestUnit_Config_ResolveWithFS_SecurityValidation/Invalid_EnvKey_in_ResolveWithFS_(CLI)
--- PASS: TestUnit_Resolver_Priority_AllLayers (0.00s)
    --- PASS: TestUnit_Resolver_Priority_AllLayers/P1_Override_takes_priority_over_P2_CLI (0.00s)
    --- PASS: TestUnit_Resolver_Priority_AllLayers/P2_CLI_takes_priority_over_P3_Env (0.00s)
    --- PASS: TestUnit_Resolver_Priority_AllLayers/P3_Env_takes_priority_over_P4_Tool (0.00s)
    --- PASS: TestUnit_Resolver_Priority_AllLayers/P4_Tool_takes_priority_over_P5_Global (0.00s)
=== CONT  TestUnit_Config_Path_SplitHostRemainder_Windows
=== PAUSE TestUnit_Config_ResolveWithFS_SecurityValidation/Invalid_EnvKey_in_ResolveWithFS_(CLI)
=== RUN   TestUnit_Config_Path_SplitHostRemainder_Windows/C:\path:rem
=== RUN   TestUnit_Config_Path_ParseDeviceConfig_Exhaustive/valid_without_perms
=== CONT  TestUnit_Config_ResolvePath_AnchorBoundary
=== CONT  TestUnit_Config_Path_ResolvePath_HostContext_Coverage
=== RUN   TestUnit_Config_Path_ResolvePath_HostContext_Coverage/pick_deepest_level_for_same_target_length
--- PASS: TestScenario_ConfigResolution_NestedOverrides (0.00s)
    --- PASS: TestScenario_ConfigResolution_NestedOverrides/Nested_tool_config_overrides_global_defaults (0.00s)
=== RUN   TestUnit_Config_ResolvePath_AnchorBoundary/Safe_home_path
=== PAUSE TestUnit_Config_ResolvePath_AnchorBoundary/Safe_home_path
=== RUN   TestUnit_Config_Path_ParseDeviceConfig_Exhaustive/no_colon_defaults_to_same_path
=== RUN   TestUnit_Config_ResolvePath_AnchorBoundary/Safe_tilde_path
=== RUN   TestUnit_Config_Path_ParseDeviceConfig_Exhaustive/empty_segments
--- PASS: TestUnit_Config_Path_ParseDeviceConfig_Exhaustive (0.00s)
    --- PASS: TestUnit_Config_Path_ParseDeviceConfig_Exhaustive/valid_with_perms (0.00s)
    --- PASS: TestUnit_Config_Path_ParseDeviceConfig_Exhaustive/valid_without_perms (0.00s)
    --- PASS: TestUnit_Config_Path_ParseDeviceConfig_Exhaustive/no_colon_defaults_to_same_path (0.00s)
    --- PASS: TestUnit_Config_Path_ParseDeviceConfig_Exhaustive/empty_segments (0.00s)
=== CONT  TestUnit_Config_Path_ResolveVolume_ResolveDevice_Errors
=== RUN   TestUnit_Config_Path_ResolveVolume_ResolveDevice_Errors/resolveVolumePath_ResolvePath_error
=== PAUSE TestUnit_Config_ResolvePath_AnchorBoundary/Safe_tilde_path
=== RUN   TestUnit_Config_ResolvePath_AnchorBoundary/Safe_pwd_path
=== PAUSE TestUnit_Config_ResolvePath_AnchorBoundary/Safe_pwd_path
=== RUN   TestUnit_Config_Path_SplitHostRemainder_Windows/D:/path:rem
=== RUN   TestUnit_Config_Path_ResolveVolume_ResolveDevice_Errors/resolveDevicePath_ResolvePath_error
=== RUN   TestUnit_Config_Path_ResolvePath_HostContext_Coverage/pick_longest_target_match
--- PASS: TestUnit_Config_Path_ResolveVolume_ResolveDevice_Errors (0.00s)
    --- PASS: TestUnit_Config_Path_ResolveVolume_ResolveDevice_Errors/resolveVolumePath_ResolvePath_error (0.00s)
    --- PASS: TestUnit_Config_Path_ResolveVolume_ResolveDevice_Errors/resolveDevicePath_ResolvePath_error (0.00s)
=== RUN   TestUnit_Config_Path_SplitHostRemainder_Windows/C:\path
--- PASS: TestUnit_Config_Path_ResolvePath_HostContext_Coverage (0.00s)
    --- PASS: TestUnit_Config_Path_ResolvePath_HostContext_Coverage/pick_deepest_level_for_same_target_length (0.00s)
    --- PASS: TestUnit_Config_Path_ResolvePath_HostContext_Coverage/pick_longest_target_match (0.00s)
=== RUN   TestUnit_Config_ResolvePath_AnchorBoundary/Traversal_within_home
=== CONT  TestUnit_Config_ValidateSecurity_EdgeCases/socket-path_with_control_char
=== PAUSE TestUnit_Config_ResolvePath_AnchorBoundary/Traversal_within_home
=== RUN   TestUnit_Config_Path_SplitHostRemainder_Windows/E:/path
=== RUN   TestUnit_Config_ResolvePath_AnchorBoundary/Traversal_escaping_home
=== PAUSE TestUnit_Config_ResolvePath_AnchorBoundary/Traversal_escaping_home
=== RUN   TestUnit_Config_ResolvePath_AnchorBoundary/Traversal_escaping_tilde
=== CONT  TestUnit_Config_ValidateSecurity_EdgeCases/unsupported_dry-run_format
=== PAUSE TestUnit_Config_ResolvePath_AnchorBoundary/Traversal_escaping_tilde
=== CONT  TestUnit_Config_ValidateSecurity_EdgeCases/invalid_user_format_(too_many_colons)
=== RUN   TestUnit_Config_ResolvePath_AnchorBoundary/Traversal_escaping_pwd
=== PAUSE TestUnit_Config_ResolvePath_AnchorBoundary/Traversal_escaping_pwd
=== RUN   TestUnit_Config_ResolvePath_AnchorBoundary/Anchor_after_slash
=== PAUSE TestUnit_Config_ResolvePath_AnchorBoundary/Anchor_after_slash
=== CONT  TestUnit_Config_ValidateSecurity_EdgeCases/mount-cderun-path_with_control_char
--- PASS: TestUnit_Config_Path_SplitHostRemainder_Windows (0.00s)
    --- PASS: TestUnit_Config_Path_SplitHostRemainder_Windows/C:\path:rem (0.00s)
    --- PASS: TestUnit_Config_Path_SplitHostRemainder_Windows/D:/path:rem (0.00s)
    --- PASS: TestUnit_Config_Path_SplitHostRemainder_Windows/C:\path (0.00s)
    --- PASS: TestUnit_Config_Path_SplitHostRemainder_Windows/E:/path (0.00s)
=== CONT  TestUnit_Config_ValidateSecurity_EdgeCases/mount-socket-path_with_control_char
=== CONT  TestUnit_Config_ValidateSecurity_EdgeCases/unsupported_log_level
=== CONT  TestIntegration_Config_Expression_Resolve
=== RUN   TestIntegration_Config_Expression_Resolve/Magic_Words
=== RUN   TestIntegration_Config_Expression_Resolve/File_Directive
=== RUN   TestUnit_Config_ResolvePath_AnchorBoundary/Bypass_attempt_anywhere_in_string
=== PAUSE TestUnit_Config_ResolvePath_AnchorBoundary/Bypass_attempt_anywhere_in_string
=== RUN   TestUnit_Config_ResolvePath_AnchorBoundary/Bypass_attempt_anywhere_in_string_with_tilde
=== PAUSE TestUnit_Config_ResolvePath_AnchorBoundary/Bypass_attempt_anywhere_in_string_with_tilde
=== RUN   TestUnit_Config_ResolvePath_AnchorBoundary/Tilde_at_boundary
=== PAUSE TestUnit_Config_ResolvePath_AnchorBoundary/Tilde_at_boundary
=== RUN   TestUnit_Config_ResolvePath_AnchorBoundary/Tilde_at_start
=== PAUSE TestUnit_Config_ResolvePath_AnchorBoundary/Tilde_at_start
=== RUN   TestUnit_Config_ResolvePath_AnchorBoundary/Multiple_anchors
=== PAUSE TestUnit_Config_ResolvePath_AnchorBoundary/Multiple_anchors
=== CONT  TestUnit_Config_ValidateSecurity_EdgeCases/invalid_network_name_(illegal_char)
=== CONT  TestUnit_Config_ValidateSecurity_EdgeCases/invalid_expose_port_range_(non-numeric)
=== CONT  TestUnit_Config_ValidateSecurity_EdgeCases/invalid_expose_port_(invalid_protocol)
=== CONT  TestUnit_Config_ValidateSecurity_EdgeCases/invalid_port_mapping_(illegal_char)
=== RUN   TestIntegration_Config_Expression_Resolve/Path_Traversal_Protection
=== CONT  TestUnit_Config_ValidateSecurity_EdgeCases/hostname_too_long
--- PASS: TestIntegration_Config_Expression_Resolve (0.00s)
    --- PASS: TestIntegration_Config_Expression_Resolve/Magic_Words (0.00s)
    --- PASS: TestIntegration_Config_Expression_Resolve/File_Directive (0.00s)
    --- PASS: TestIntegration_Config_Expression_Resolve/Path_Traversal_Protection (0.00s)
=== CONT  TestUnit_Config_ValidateSecurity_EdgeCases/invalid_hostname_(starts_with_hyphen)
=== CONT  TestUnit_Config_ValidateSecurity_EdgeCases/unsupported_diagnosis_format
=== CONT  TestUnit_Config_ValidateSecurity_EdgeCases/invalid_user_identifier_(illegal_char)
=== CONT  TestUnit_Config_ValidateSecurity_EdgeCases/unsupported_runtime
=== CONT  TestUnit_Config_ValidateSecurity_EdgeCases/unsupported_log_format
=== CONT  TestUnit_Config_ResolveWithFS_SecurityValidation/Invalid_ImageName_in_ResolveWithFS
--- PASS: TestUnit_Config_ValidateSecurity_EdgeCases (0.00s)
    --- PASS: TestUnit_Config_ValidateSecurity_EdgeCases/socket-path_with_control_char (0.00s)
    --- PASS: TestUnit_Config_ValidateSecurity_EdgeCases/invalid_user_format_(too_many_colons) (0.00s)
    --- PASS: TestUnit_Config_ValidateSecurity_EdgeCases/unsupported_dry-run_format (0.00s)
    --- PASS: TestUnit_Config_ValidateSecurity_EdgeCases/mount-cderun-path_with_control_char (0.00s)
    --- PASS: TestUnit_Config_ValidateSecurity_EdgeCases/mount-socket-path_with_control_char (0.00s)
    --- PASS: TestUnit_Config_ValidateSecurity_EdgeCases/unsupported_log_level (0.00s)
    --- PASS: TestUnit_Config_ValidateSecurity_EdgeCases/invalid_network_name_(illegal_char) (0.00s)
    --- PASS: TestUnit_Config_ValidateSecurity_EdgeCases/invalid_expose_port_range_(non-numeric) (0.00s)
    --- PASS: TestUnit_Config_ValidateSecurity_EdgeCases/invalid_expose_port_(invalid_protocol) (0.00s)
    --- PASS: TestUnit_Config_ValidateSecurity_EdgeCases/invalid_port_mapping_(illegal_char) (0.00s)
    --- PASS: TestUnit_Config_ValidateSecurity_EdgeCases/hostname_too_long (0.00s)
    --- PASS: TestUnit_Config_ValidateSecurity_EdgeCases/unsupported_diagnosis_format (0.00s)
    --- PASS: TestUnit_Config_ValidateSecurity_EdgeCases/invalid_hostname_(starts_with_hyphen) (0.00s)
    --- PASS: TestUnit_Config_ValidateSecurity_EdgeCases/invalid_user_identifier_(illegal_char) (0.00s)
    --- PASS: TestUnit_Config_ValidateSecurity_EdgeCases/unsupported_runtime (0.00s)
    --- PASS: TestUnit_Config_ValidateSecurity_EdgeCases/unsupported_log_format (0.00s)
=== CONT  TestUnit_Config_ResolveWithFS_SecurityValidation/Invalid_control_char_in_LogFormat
=== CONT  TestUnit_Config_ResolveWithFS_SecurityValidation/Multiline_Env_value_(PEM)_is_allowed
=== RUN   TestUnit_Config_ResolvePath_AnchorBoundary/False_positive_traversal_prefix
=== PAUSE TestUnit_Config_ResolvePath_AnchorBoundary/False_positive_traversal_prefix
=== RUN   TestUnit_Config_ResolvePath_AnchorBoundary/No_anchor_no_traversal_check
=== PAUSE TestUnit_Config_ResolvePath_AnchorBoundary/No_anchor_no_traversal_check
=== CONT  TestUnit_Config_ResolveWithFS_SecurityValidation/Invalid_control_char_in_Env_key
=== RUN   TestUnit_Config_ResolvePath_AnchorBoundary/Safe_env_anchor
=== PAUSE TestUnit_Config_ResolvePath_AnchorBoundary/Safe_env_anchor
=== RUN   TestUnit_Config_ResolvePath_AnchorBoundary/Traversal_escaping_env_anchor
=== PAUSE TestUnit_Config_ResolvePath_AnchorBoundary/Traversal_escaping_env_anchor
=== RUN   TestUnit_Config_ResolvePath_AnchorBoundary/Safe_find_dir_anchor
=== CONT  TestUnit_Config_ResolveWithFS_SecurityValidation/Invalid_EnvKey_in_ResolveWithFS_(CLI)
=== CONT  TestUnit_Config_ResolveWithFS_SecurityValidation/Invalid_control_char_in_Ports_element
=== PAUSE TestUnit_Config_ResolvePath_AnchorBoundary/Safe_find_dir_anchor
--- PASS: TestUnit_Config_ResolveWithFS_SecurityValidation (0.00s)
    --- PASS: TestUnit_Config_ResolveWithFS_SecurityValidation/Invalid_ImageName_in_ResolveWithFS (0.00s)
    --- PASS: TestUnit_Config_ResolveWithFS_SecurityValidation/Invalid_control_char_in_LogFormat (0.00s)
    --- PASS: TestUnit_Config_ResolveWithFS_SecurityValidation/Multiline_Env_value_(PEM)_is_allowed (0.00s)
    --- PASS: TestUnit_Config_ResolveWithFS_SecurityValidation/Invalid_control_char_in_Env_key (0.00s)
    --- PASS: TestUnit_Config_ResolveWithFS_SecurityValidation/Invalid_EnvKey_in_ResolveWithFS_(CLI) (0.00s)
    --- PASS: TestUnit_Config_ResolveWithFS_SecurityValidation/Invalid_control_char_in_Ports_element (0.00s)
=== RUN   TestUnit_Config_ResolvePath_AnchorBoundary/Traversal_escaping_find_dir_anchor
=== PAUSE TestUnit_Config_ResolvePath_AnchorBoundary/Traversal_escaping_find_dir_anchor
=== RUN   TestUnit_Config_ResolvePath_AnchorBoundary/Safe_nested_anchor_-_unset_(fallback_to_HOME)
=== PAUSE TestUnit_Config_ResolvePath_AnchorBoundary/Safe_nested_anchor_-_unset_(fallback_to_HOME)
=== RUN   TestUnit_Config_ResolvePath_AnchorBoundary/Traversal_escaping_nested_anchor_-_unset_(fallback_to_HOME)
=== PAUSE TestUnit_Config_ResolvePath_AnchorBoundary/Traversal_escaping_nested_anchor_-_unset_(fallback_to_HOME)
=== RUN   TestUnit_Config_ResolvePath_AnchorBoundary/Safe_nested_anchor_-_empty_string_(stays_empty)
=== PAUSE TestUnit_Config_ResolvePath_AnchorBoundary/Safe_nested_anchor_-_empty_string_(stays_empty)
=== RUN   TestUnit_Config_ResolvePath_AnchorBoundary/Safe_nested_anchor_-_empty_value_(stays_empty)
=== PAUSE TestUnit_Config_ResolvePath_AnchorBoundary/Safe_nested_anchor_-_empty_value_(stays_empty)
=== RUN   TestUnit_Config_ResolvePath_AnchorBoundary/Unmatched_brace_anchor_(still_validated)
=== PAUSE TestUnit_Config_ResolvePath_AnchorBoundary/Unmatched_brace_anchor_(still_validated)
=== RUN   TestUnit_Config_ResolvePath_AnchorBoundary/Inner_matched_anchor_in_unmatched_outer
=== PAUSE TestUnit_Config_ResolvePath_AnchorBoundary/Inner_matched_anchor_in_unmatched_outer
=== RUN   TestUnit_Config_ResolvePath_AnchorBoundary/Multiple_anchors_-_mixed_types_(all_must_be_satisfied)
=== PAUSE TestUnit_Config_ResolvePath_AnchorBoundary/Multiple_anchors_-_mixed_types_(all_must_be_satisfied)
=== RUN   TestUnit_Config_ResolvePath_AnchorBoundary/Unresolved_anchor_error
=== PAUSE TestUnit_Config_ResolvePath_AnchorBoundary/Unresolved_anchor_error
=== RUN   TestUnit_Config_ResolvePath_AnchorBoundary/Empty_anchor_error
=== PAUSE TestUnit_Config_ResolvePath_AnchorBoundary/Empty_anchor_error
=== CONT  TestUnit_Config_ResolvePath_AnchorBoundary/Safe_home_path
=== CONT  TestUnit_Config_ResolvePath_AnchorBoundary/No_anchor_no_traversal_check
=== CONT  TestUnit_Config_ResolvePath_AnchorBoundary/False_positive_traversal_prefix
=== CONT  TestUnit_Config_ResolvePath_AnchorBoundary/Tilde_at_boundary
=== CONT  TestUnit_Config_ResolvePath_AnchorBoundary/Bypass_attempt_anywhere_in_string_with_tilde
=== CONT  TestUnit_Config_ResolvePath_AnchorBoundary/Bypass_attempt_anywhere_in_string
=== CONT  TestUnit_Config_ResolvePath_AnchorBoundary/Anchor_after_slash
=== CONT  TestUnit_Config_ResolvePath_AnchorBoundary/Traversal_escaping_pwd
=== CONT  TestUnit_Config_ResolvePath_AnchorBoundary/Traversal_escaping_tilde
=== CONT  TestUnit_Config_ResolvePath_AnchorBoundary/Traversal_escaping_home
=== CONT  TestUnit_Config_ResolvePath_AnchorBoundary/Traversal_within_home
=== CONT  TestUnit_Config_ResolvePath_AnchorBoundary/Safe_pwd_path
=== CONT  TestUnit_Config_ResolvePath_AnchorBoundary/Safe_tilde_path
=== CONT  TestUnit_Config_ResolvePath_AnchorBoundary/Tilde_at_start
=== CONT  TestUnit_Config_ResolvePath_AnchorBoundary/Empty_anchor_error
=== CONT  TestUnit_Config_ResolvePath_AnchorBoundary/Multiple_anchors_-_mixed_types_(all_must_be_satisfied)
=== CONT  TestUnit_Config_ResolvePath_AnchorBoundary/Inner_matched_anchor_in_unmatched_outer
=== CONT  TestUnit_Config_ResolvePath_AnchorBoundary/Unmatched_brace_anchor_(still_validated)
=== CONT  TestUnit_Config_ResolvePath_AnchorBoundary/Safe_nested_anchor_-_empty_value_(stays_empty)
=== CONT  TestUnit_Config_ResolvePath_AnchorBoundary/Traversal_escaping_find_dir_anchor
=== CONT  TestUnit_Config_ResolvePath_AnchorBoundary/Multiple_anchors
=== CONT  TestUnit_Config_ResolvePath_AnchorBoundary/Safe_nested_anchor_-_empty_string_(stays_empty)
=== CONT  TestUnit_Config_ResolvePath_AnchorBoundary/Traversal_escaping_env_anchor
=== CONT  TestUnit_Config_ResolvePath_AnchorBoundary/Safe_find_dir_anchor
=== CONT  TestUnit_Config_ResolvePath_AnchorBoundary/Safe_env_anchor
=== CONT  TestUnit_Config_ResolvePath_AnchorBoundary/Safe_nested_anchor_-_unset_(fallback_to_HOME)
=== CONT  TestUnit_Config_ResolvePath_AnchorBoundary/Unresolved_anchor_error
=== CONT  TestUnit_Config_ResolvePath_AnchorBoundary/Traversal_escaping_nested_anchor_-_unset_(fallback_to_HOME)
--- PASS: TestUnit_Config_ResolvePath_AnchorBoundary (0.00s)
    --- PASS: TestUnit_Config_ResolvePath_AnchorBoundary/Safe_home_path (0.00s)
    --- PASS: TestUnit_Config_ResolvePath_AnchorBoundary/No_anchor_no_traversal_check (0.00s)
    --- PASS: TestUnit_Config_ResolvePath_AnchorBoundary/Tilde_at_boundary (0.00s)
    --- PASS: TestUnit_Config_ResolvePath_AnchorBoundary/False_positive_traversal_prefix (0.00s)
    --- PASS: TestUnit_Config_ResolvePath_AnchorBoundary/Bypass_attempt_anywhere_in_string_with_tilde (0.00s)
    --- PASS: TestUnit_Config_ResolvePath_AnchorBoundary/Bypass_attempt_anywhere_in_string (0.00s)
    --- PASS: TestUnit_Config_ResolvePath_AnchorBoundary/Anchor_after_slash (0.00s)
    --- PASS: TestUnit_Config_ResolvePath_AnchorBoundary/Traversal_escaping_pwd (0.00s)
    --- PASS: TestUnit_Config_ResolvePath_AnchorBoundary/Traversal_escaping_tilde (0.00s)
    --- PASS: TestUnit_Config_ResolvePath_AnchorBoundary/Traversal_escaping_home (0.00s)
    --- PASS: TestUnit_Config_ResolvePath_AnchorBoundary/Traversal_within_home (0.00s)
    --- PASS: TestUnit_Config_ResolvePath_AnchorBoundary/Safe_pwd_path (0.00s)
    --- PASS: TestUnit_Config_ResolvePath_AnchorBoundary/Safe_tilde_path (0.00s)
    --- PASS: TestUnit_Config_ResolvePath_AnchorBoundary/Tilde_at_start (0.00s)
    --- PASS: TestUnit_Config_ResolvePath_AnchorBoundary/Empty_anchor_error (0.00s)
    --- PASS: TestUnit_Config_ResolvePath_AnchorBoundary/Multiple_anchors_-_mixed_types_(all_must_be_satisfied) (0.00s)
    --- PASS: TestUnit_Config_ResolvePath_AnchorBoundary/Inner_matched_anchor_in_unmatched_outer (0.00s)
    --- PASS: TestUnit_Config_ResolvePath_AnchorBoundary/Unmatched_brace_anchor_(still_validated) (0.00s)
    --- PASS: TestUnit_Config_ResolvePath_AnchorBoundary/Safe_nested_anchor_-_empty_value_(stays_empty) (0.00s)
    --- PASS: TestUnit_Config_ResolvePath_AnchorBoundary/Traversal_escaping_find_dir_anchor (0.00s)
    --- PASS: TestUnit_Config_ResolvePath_AnchorBoundary/Multiple_anchors (0.00s)
    --- PASS: TestUnit_Config_ResolvePath_AnchorBoundary/Safe_nested_anchor_-_empty_string_(stays_empty) (0.00s)
    --- PASS: TestUnit_Config_ResolvePath_AnchorBoundary/Traversal_escaping_env_anchor (0.00s)
    --- PASS: TestUnit_Config_ResolvePath_AnchorBoundary/Safe_find_dir_anchor (0.00s)
    --- PASS: TestUnit_Config_ResolvePath_AnchorBoundary/Safe_env_anchor (0.00s)
    --- PASS: TestUnit_Config_ResolvePath_AnchorBoundary/Safe_nested_anchor_-_unset_(fallback_to_HOME) (0.00s)
    --- PASS: TestUnit_Config_ResolvePath_AnchorBoundary/Unresolved_anchor_error (0.00s)
    --- PASS: TestUnit_Config_ResolvePath_AnchorBoundary/Traversal_escaping_nested_anchor_-_unset_(fallback_to_HOME) (0.00s)
PASS
ok  	cderun/internal/config	(cached)
